interactions:
- request:
    body: null
    headers:
      Accept:
      - '*/*'
      Accept-Encoding:
      - gzip, deflate
      Connection:
      - keep-alive
      User-Agent:
      - python-requests/2.31.0
    method: GET
    uri: https://pagure.io/api/0/protop2g-test-srce
  response:
    body:
      string: "{\n  \"access_groups\": {\n    \"admin\": [], \n    \"collaborator\":
        [], \n    \"commit\": [], \n    \"ticket\": []\n  }, \n  \"access_users\":
        {\n    \"admin\": [], \n    \"collaborator\": [], \n    \"commit\": [], \n
        \   \"owner\": [\n      \"t0xic0der\"\n    ], \n    \"ticket\": []\n  }, \n
        \ \"close_status\": [], \n  \"custom_keys\": [], \n  \"date_created\": \"1697168063\",
        \n  \"date_modified\": \"1697168063\", \n  \"description\": \"The source namespace
        for the Pagure Exporter project to run tests against\", \n  \"full_url\":
        \"https://pagure.io/protop2g-test-srce\", \n  \"fullname\": \"protop2g-test-srce\",
        \n  \"id\": 17042, \n  \"milestones\": {}, \n  \"name\": \"protop2g-test-srce\",
        \n  \"namespace\": null, \n  \"parent\": null, \n  \"priorities\": {}, \n
        \ \"tags\": [], \n  \"url_path\": \"protop2g-test-srce\", \n  \"user\": {\n
        \   \"full_url\": \"https://pagure.io/user/t0xic0der\", \n    \"fullname\":
        \"Akashdeep Dhar\", \n    \"name\": \"t0xic0der\", \n    \"url_path\": \"user/t0xic0der\"\n
        \ }\n}\n"
    headers:
      Connection:
      - Upgrade, Keep-Alive
      Content-Length:
      - '902'
      Content-Security-Policy:
      - default-src 'self';script-src 'self' 'nonce-mlRi2dAjRFGCIu86K7IWmTHPS'; style-src
        'self' 'nonce-mlRi2dAjRFGCIu86K7IWmTHPS'; object-src 'none';base-uri 'self';img-src
        'self' https:;connect-src 'self' https://pagure.io:8088;frame-src https://docs.pagure.org;frame-ancestors
        https://pagure.io;
      Content-Type:
      - application/json
      Date:
      - Mon, 11 Dec 2023 06:25:07 GMT
      Keep-Alive:
      - timeout=5, max=100
      Referrer-Policy:
      - same-origin
      Server:
      - Apache/2.4.37 (Red Hat Enterprise Linux) OpenSSL/1.1.1k mod_wsgi/4.6.4 Python/3.6
      Set-Cookie: ''
      Strict-Transport-Security:
      - max-age=31536000; includeSubDomains; preload
      Upgrade:
      - h2,h2c
      X-Content-Type-Options:
      - nosniff
      X-Frame-Options:
      - ALLOW-FROM https://pagure.io/
      X-Xss-Protection:
      - 1; mode=block
    status:
      code: 200
      message: OK
- request:
    body: null
    headers:
      Accept:
      - '*/*'
      Accept-Encoding:
      - gzip, deflate
      Connection:
      - keep-alive
      User-Agent:
      - python-requests/2.31.0
    method: GET
    uri: https://gitlab.com/api/v4/projects/42823949
  response:
    body:
      string: '{"id":42823949,"description":null,"name":"protop2g-test","name_with_namespace":"Akashdeep
        Dhar / protop2g-test","path":"protop2g-test","path_with_namespace":"gridhead/protop2g-test","created_at":"2023-01-23T16:18:30.217Z","default_branch":"main","tag_list":[],"topics":[],"ssh_url_to_repo":"git@gitlab.com:gridhead/protop2g-test.git","http_url_to_repo":"https://gitlab.com/gridhead/protop2g-test.git","web_url":"https://gitlab.com/gridhead/protop2g-test","readme_url":"https://gitlab.com/gridhead/protop2g-test/-/blob/main/README.md","forks_count":0,"avatar_url":null,"star_count":0,"last_activity_at":"2023-12-11T05:36:06.620Z","namespace":{"id":13984834,"name":"Akashdeep
        Dhar","path":"gridhead","kind":"user","full_path":"gridhead","parent_id":null,"avatar_url":"https://secure.gravatar.com/avatar/eba3058f529195e3b87d3383ada41661?s=80\u0026d=identicon","web_url":"https://gitlab.com/gridhead"},"container_registry_image_prefix":"registry.gitlab.com/gridhead/protop2g-test","_links":{"self":"https://gitlab.com/api/v4/projects/42823949","issues":"https://gitlab.com/api/v4/projects/42823949/issues","merge_requests":"https://gitlab.com/api/v4/projects/42823949/merge_requests","repo_branches":"https://gitlab.com/api/v4/projects/42823949/repository/branches","labels":"https://gitlab.com/api/v4/projects/42823949/labels","events":"https://gitlab.com/api/v4/projects/42823949/events","members":"https://gitlab.com/api/v4/projects/42823949/members","cluster_agents":"https://gitlab.com/api/v4/projects/42823949/cluster_agents"},"packages_enabled":true,"empty_repo":false,"archived":false,"visibility":"public","owner":{"id":10115999,"username":"gridhead","name":"Akashdeep
        Dhar","state":"active","locked":false,"avatar_url":"https://secure.gravatar.com/avatar/eba3058f529195e3b87d3383ada41661?s=80\u0026d=identicon","web_url":"https://gitlab.com/gridhead"},"resolve_outdated_diff_discussions":false,"container_expiration_policy":{"cadence":"1d","enabled":false,"keep_n":10,"older_than":"90d","name_regex":".*","name_regex_keep":null,"next_run_at":"2023-01-24T16:18:30.271Z"},"issues_enabled":true,"merge_requests_enabled":true,"wiki_enabled":true,"jobs_enabled":true,"snippets_enabled":true,"container_registry_enabled":true,"service_desk_enabled":true,"service_desk_address":"contact-project+gridhead-protop2g-test-42823949-issue-@incoming.gitlab.com","can_create_merge_request_in":true,"issues_access_level":"enabled","repository_access_level":"enabled","merge_requests_access_level":"enabled","forking_access_level":"enabled","wiki_access_level":"enabled","builds_access_level":"enabled","snippets_access_level":"enabled","pages_access_level":"enabled","analytics_access_level":"enabled","container_registry_access_level":"enabled","security_and_compliance_access_level":"private","releases_access_level":"private","environments_access_level":"enabled","feature_flags_access_level":"private","infrastructure_access_level":"private","monitor_access_level":"enabled","model_experiments_access_level":"enabled","emails_disabled":false,"emails_enabled":true,"shared_runners_enabled":true,"lfs_enabled":true,"creator_id":10115999,"import_url":null,"import_type":null,"import_status":"none","import_error":null,"open_issues_count":5091,"description_html":"","updated_at":"2023-12-11T05:36:06.620Z","ci_default_git_depth":20,"ci_forward_deployment_enabled":true,"ci_forward_deployment_rollback_allowed":true,"ci_job_token_scope_enabled":false,"ci_separated_caches":true,"ci_allow_fork_pipelines_to_run_in_parent_project":true,"build_git_strategy":"fetch","keep_latest_artifact":true,"restrict_user_defined_variables":false,"runners_token":"REMOVED","runner_token_expiration_interval":null,"group_runners_enabled":true,"auto_cancel_pending_pipelines":"enabled","build_timeout":3600,"auto_devops_enabled":false,"auto_devops_deploy_strategy":"continuous","ci_config_path":"","public_jobs":true,"shared_with_groups":[],"only_allow_merge_if_pipeline_succeeds":false,"allow_merge_on_skipped_pipeline":null,"request_access_enabled":true,"only_allow_merge_if_all_discussions_are_resolved":false,"remove_source_branch_after_merge":true,"printing_merge_request_link_enabled":true,"merge_method":"merge","squash_option":"default_off","enforce_auth_checks_on_uploads":true,"suggestion_commit_message":null,"merge_commit_template":null,"squash_commit_template":null,"issue_branch_template":null,"autoclose_referenced_issues":true,"external_authorization_classification_label":"","requirements_enabled":false,"requirements_access_level":"enabled","security_and_compliance_enabled":true,"compliance_frameworks":[],"permissions":{"project_access":{"access_level":40,"notification_level":3},"group_access":null}}'
    headers:
      CF-Cache-Status:
      - MISS
      CF-RAY:
      - 833ba6078e3231dc-BOM
      Connection:
      - keep-alive
      Content-Encoding:
      - gzip
      Content-Type:
      - application/json
      Date:
      - Mon, 11 Dec 2023 06:25:08 GMT
      NEL:
      - '{"success_fraction":0.01,"report_to":"cf-nel","max_age":604800}'
      Report-To:
      - '{"endpoints":[{"url":"https:\/\/a.nel.cloudflare.com\/report\/v3?s=dsxgGmGIxM%2B2QUAW3bsFfcIpkfYK6BwscURWTgQ7gx9aQAVhYgAaioT9oRr73623jSqoiyuETt%2BKNzc370aQbEPlPvprzP92aSgjRn4l6moMN3twons3%2Fvh6MQA%3D"}],"group":"cf-nel","max_age":604800}'
      Server:
      - cloudflare
      Set-Cookie: ''
      Transfer-Encoding:
      - chunked
      cache-control:
      - max-age=0, private, must-revalidate
      content-security-policy:
      - default-src 'none'
      etag:
      - W/"11ddcf618f788958b0110ad0ff6296ea"
      gitlab-lb:
      - haproxy-main-19-lb-gprd
      gitlab-sv:
      - localhost
      ratelimit-limit:
      - '2000'
      ratelimit-observed:
      - '35'
      ratelimit-remaining:
      - '1964'
      ratelimit-reset:
      - '1702275968'
      ratelimit-resettime:
      - Mon, 11 Dec 2023 06:26:08 GMT
      referrer-policy:
      - strict-origin-when-cross-origin
      strict-transport-security:
      - max-age=31536000
      vary:
      - Origin, Accept-Encoding
      x-content-type-options:
      - nosniff
      x-frame-options:
      - SAMEORIGIN
      x-gitlab-meta:
      - '{"correlation_id":"fd21aa5b67ca00b2253fd0b7dc8627d4","version":"1"}'
      x-request-id:
      - fd21aa5b67ca00b2253fd0b7dc8627d4
      x-runtime:
      - '0.205945'
    status:
      code: 200
      message: OK
- request:
    body: null
    headers:
      Accept:
      - '*/*'
      Accept-Encoding:
      - gzip, deflate
      Connection:
      - keep-alive
      User-Agent:
      - python-requests/2.31.0
    method: GET
    uri: https://pagure.io/api/0/protop2g-test-srce/issues?per_page=35&page=1&status=all
  response:
    body:
      string: "{\n  \"args\": {\n    \"assignee\": null, \n    \"author\": null, \n
        \   \"milestones\": [], \n    \"no_stones\": null, \n    \"order\": null,
        \n    \"priority\": null, \n    \"since\": null, \n    \"status\": \"all\",
        \n    \"tags\": []\n  }, \n  \"issues\": [\n    {\n      \"assignee\": null,
        \n      \"blocks\": [], \n      \"close_status\": null, \n      \"closed_at\":
        \"1700554080\", \n      \"closed_by\": {\n        \"full_url\": \"https://pagure.io/user/t0xic0der\",
        \n        \"fullname\": \"Akashdeep Dhar\", \n        \"name\": \"t0xic0der\",
        \n        \"url_path\": \"user/t0xic0der\"\n      }, \n      \"comments\":
        [\n        {\n          \"comment\": \"This is the first comment under the
        fourth test issue\", \n          \"date_created\": \"1700554045\", \n          \"edited_on\":
        null, \n          \"editor\": null, \n          \"id\": 885231, \n          \"notification\":
        false, \n          \"parent\": null, \n          \"reactions\": {}, \n          \"user\":
        {\n            \"full_url\": \"https://pagure.io/user/t0xic0der\", \n            \"fullname\":
        \"Akashdeep Dhar\", \n            \"name\": \"t0xic0der\", \n            \"url_path\":
        \"user/t0xic0der\"\n          }\n        }, \n        {\n          \"comment\":
        \"This is the second comment under the fourth test issue\", \n          \"date_created\":
        \"1700554054\", \n          \"edited_on\": null, \n          \"editor\": null,
        \n          \"id\": 885232, \n          \"notification\": false, \n          \"parent\":
        null, \n          \"reactions\": {}, \n          \"user\": {\n            \"full_url\":
        \"https://pagure.io/user/t0xic0der\", \n            \"fullname\": \"Akashdeep
        Dhar\", \n            \"name\": \"t0xic0der\", \n            \"url_path\":
        \"user/t0xic0der\"\n          }\n        }, \n        {\n          \"comment\":
        \"**Metadata Update from @t0xic0der**:\\n- Issue status updated to: Closed
        (was: Open)\", \n          \"date_created\": \"1700554081\", \n          \"edited_on\":
        null, \n          \"editor\": null, \n          \"id\": 885233, \n          \"notification\":
        true, \n          \"parent\": null, \n          \"reactions\": {}, \n          \"user\":
        {\n            \"full_url\": \"https://pagure.io/user/t0xic0der\", \n            \"fullname\":
        \"Akashdeep Dhar\", \n            \"name\": \"t0xic0der\", \n            \"url_path\":
        \"user/t0xic0der\"\n          }\n        }\n      ], \n      \"content\":
        \"This is the body of the fourth test issue\", \n      \"custom_fields\":
        [], \n      \"date_created\": \"1700554016\", \n      \"depends\": [], \n
        \     \"full_url\": \"https://pagure.io/protop2g-test-srce/issue/4\", \n      \"id\":
        4, \n      \"last_updated\": \"1700554081\", \n      \"milestone\": null,
        \n      \"priority\": null, \n      \"private\": true, \n      \"related_prs\":
        [], \n      \"status\": \"Closed\", \n      \"tags\": [\n        \"gggg\",
        \n        \"hhhh\"\n      ], \n      \"title\": \"This is the title of the
        fourth test issue\", \n      \"user\": {\n        \"full_url\": \"https://pagure.io/user/t0xic0der\",
        \n        \"fullname\": \"Akashdeep Dhar\", \n        \"name\": \"t0xic0der\",
        \n        \"url_path\": \"user/t0xic0der\"\n      }\n    }, \n    {\n      \"assignee\":
        null, \n      \"blocks\": [], \n      \"close_status\": null, \n      \"closed_at\":
        null, \n      \"closed_by\": null, \n      \"comments\": [\n        {\n          \"comment\":
        \"This is the first comment under the third test issue\", \n          \"date_created\":
        \"1700553880\", \n          \"edited_on\": null, \n          \"editor\": null,
        \n          \"id\": 885229, \n          \"notification\": false, \n          \"parent\":
        null, \n          \"reactions\": {}, \n          \"user\": {\n            \"full_url\":
        \"https://pagure.io/user/t0xic0der\", \n            \"fullname\": \"Akashdeep
        Dhar\", \n            \"name\": \"t0xic0der\", \n            \"url_path\":
        \"user/t0xic0der\"\n          }\n        }, \n        {\n          \"comment\":
        \"This is the second comment under the third test issue\", \n          \"date_created\":
        \"1700553892\", \n          \"edited_on\": null, \n          \"editor\": null,
        \n          \"id\": 885230, \n          \"notification\": false, \n          \"parent\":
        null, \n          \"reactions\": {}, \n          \"user\": {\n            \"full_url\":
        \"https://pagure.io/user/t0xic0der\", \n            \"fullname\": \"Akashdeep
        Dhar\", \n            \"name\": \"t0xic0der\", \n            \"url_path\":
        \"user/t0xic0der\"\n          }\n        }\n      ], \n      \"content\":
        \"This is the body of the third test issue\", \n      \"custom_fields\": [],
        \n      \"date_created\": \"1700553837\", \n      \"depends\": [], \n      \"full_url\":
        \"https://pagure.io/protop2g-test-srce/issue/3\", \n      \"id\": 3, \n      \"last_updated\":
        \"1700553892\", \n      \"milestone\": null, \n      \"priority\": null, \n
        \     \"private\": true, \n      \"related_prs\": [], \n      \"status\":
        \"Open\", \n      \"tags\": [\n        \"eeee\", \n        \"ffff\"\n      ],
        \n      \"title\": \"This is the title of the third test issue\", \n      \"user\":
        {\n        \"full_url\": \"https://pagure.io/user/t0xic0der\", \n        \"fullname\":
        \"Akashdeep Dhar\", \n        \"name\": \"t0xic0der\", \n        \"url_path\":
        \"user/t0xic0der\"\n      }\n    }, \n    {\n      \"assignee\": null, \n
        \     \"blocks\": [], \n      \"close_status\": null, \n      \"closed_at\":
        \"1697170032\", \n      \"closed_by\": {\n        \"full_url\": \"https://pagure.io/user/t0xic0der\",
        \n        \"fullname\": \"Akashdeep Dhar\", \n        \"name\": \"t0xic0der\",
        \n        \"url_path\": \"user/t0xic0der\"\n      }, \n      \"comments\":
        [\n        {\n          \"comment\": \"**Metadata Update from @t0xic0der**:\\n-
        Issue tagged with: cccc, dddd\", \n          \"date_created\": \"1697169810\",
        \n          \"edited_on\": null, \n          \"editor\": null, \n          \"id\":
        878472, \n          \"notification\": true, \n          \"parent\": null,
        \n          \"reactions\": {}, \n          \"user\": {\n            \"full_url\":
        \"https://pagure.io/user/t0xic0der\", \n            \"fullname\": \"Akashdeep
        Dhar\", \n            \"name\": \"t0xic0der\", \n            \"url_path\":
        \"user/t0xic0der\"\n          }\n        }, \n        {\n          \"comment\":
        \"The is the first comment under the second test issue\", \n          \"date_created\":
        \"1697169964\", \n          \"edited_on\": null, \n          \"editor\": null,
        \n          \"id\": 878475, \n          \"notification\": false, \n          \"parent\":
        null, \n          \"reactions\": {}, \n          \"user\": {\n            \"full_url\":
        \"https://pagure.io/user/t0xic0der\", \n            \"fullname\": \"Akashdeep
        Dhar\", \n            \"name\": \"t0xic0der\", \n            \"url_path\":
        \"user/t0xic0der\"\n          }\n        }, \n        {\n          \"comment\":
        \"The is the second comment under the second test issue\", \n          \"date_created\":
        \"1697169976\", \n          \"edited_on\": null, \n          \"editor\": null,
        \n          \"id\": 878476, \n          \"notification\": false, \n          \"parent\":
        null, \n          \"reactions\": {}, \n          \"user\": {\n            \"full_url\":
        \"https://pagure.io/user/t0xic0der\", \n            \"fullname\": \"Akashdeep
        Dhar\", \n            \"name\": \"t0xic0der\", \n            \"url_path\":
        \"user/t0xic0der\"\n          }\n        }, \n        {\n          \"comment\":
        \"**Metadata Update from @t0xic0der**:\\n- Issue status updated to: Closed
        (was: Open)\", \n          \"date_created\": \"1697170032\", \n          \"edited_on\":
        null, \n          \"editor\": null, \n          \"id\": 878477, \n          \"notification\":
        true, \n          \"parent\": null, \n          \"reactions\": {}, \n          \"user\":
        {\n            \"full_url\": \"https://pagure.io/user/t0xic0der\", \n            \"fullname\":
        \"Akashdeep Dhar\", \n            \"name\": \"t0xic0der\", \n            \"url_path\":
        \"user/t0xic0der\"\n          }\n        }\n      ], \n      \"content\":
        \"This is the body of the second test issue\", \n      \"custom_fields\":
        [], \n      \"date_created\": \"1697169676\", \n      \"depends\": [], \n
        \     \"full_url\": \"https://pagure.io/protop2g-test-srce/issue/2\", \n      \"id\":
        2, \n      \"last_updated\": \"1697170032\", \n      \"milestone\": null,
        \n      \"priority\": null, \n      \"private\": false, \n      \"related_prs\":
        [], \n      \"status\": \"Closed\", \n      \"tags\": [\n        \"cccc\",
        \n        \"dddd\"\n      ], \n      \"title\": \"This is the title of the
        second test issue\", \n      \"user\": {\n        \"full_url\": \"https://pagure.io/user/t0xic0der\",
        \n        \"fullname\": \"Akashdeep Dhar\", \n        \"name\": \"t0xic0der\",
        \n        \"url_path\": \"user/t0xic0der\"\n      }\n    }, \n    {\n      \"assignee\":
        null, \n      \"blocks\": [], \n      \"close_status\": null, \n      \"closed_at\":
        null, \n      \"closed_by\": null, \n      \"comments\": [\n        {\n          \"comment\":
        \"**Metadata Update from @t0xic0der**:\\n- Issue tagged with: aaaa, bbbb\",
        \n          \"date_created\": \"1697169699\", \n          \"edited_on\": null,
        \n          \"editor\": null, \n          \"id\": 878471, \n          \"notification\":
        true, \n          \"parent\": null, \n          \"reactions\": {}, \n          \"user\":
        {\n            \"full_url\": \"https://pagure.io/user/t0xic0der\", \n            \"fullname\":
        \"Akashdeep Dhar\", \n            \"name\": \"t0xic0der\", \n            \"url_path\":
        \"user/t0xic0der\"\n          }\n        }, \n        {\n          \"comment\":
        \"This is the first comment under the first test issue\", \n          \"date_created\":
        \"1697169880\", \n          \"edited_on\": null, \n          \"editor\": null,
        \n          \"id\": 878473, \n          \"notification\": false, \n          \"parent\":
        null, \n          \"reactions\": {}, \n          \"user\": {\n            \"full_url\":
        \"https://pagure.io/user/t0xic0der\", \n            \"fullname\": \"Akashdeep
        Dhar\", \n            \"name\": \"t0xic0der\", \n            \"url_path\":
        \"user/t0xic0der\"\n          }\n        }, \n        {\n          \"comment\":
        \"This is the second comment under the first test issue\", \n          \"date_created\":
        \"1697169924\", \n          \"edited_on\": null, \n          \"editor\": null,
        \n          \"id\": 878474, \n          \"notification\": false, \n          \"parent\":
        null, \n          \"reactions\": {}, \n          \"user\": {\n            \"full_url\":
        \"https://pagure.io/user/t0xic0der\", \n            \"fullname\": \"Akashdeep
        Dhar\", \n            \"name\": \"t0xic0der\", \n            \"url_path\":
        \"user/t0xic0der\"\n          }\n        }\n      ], \n      \"content\":
        \"This is the body of the first test issue\", \n      \"custom_fields\": [],
        \n      \"date_created\": \"1697169462\", \n      \"depends\": [], \n      \"full_url\":
        \"https://pagure.io/protop2g-test-srce/issue/1\", \n      \"id\": 1, \n      \"last_updated\":
        \"1697169924\", \n      \"milestone\": null, \n      \"priority\": null, \n
        \     \"private\": false, \n      \"related_prs\": [], \n      \"status\":
        \"Open\", \n      \"tags\": [\n        \"aaaa\", \n        \"bbbb\"\n      ],
        \n      \"title\": \"This is the title of the first test issue\", \n      \"user\":
        {\n        \"full_url\": \"https://pagure.io/user/t0xic0der\", \n        \"fullname\":
        \"Akashdeep Dhar\", \n        \"name\": \"t0xic0der\", \n        \"url_path\":
        \"user/t0xic0der\"\n      }\n    }\n  ], \n  \"pagination\": {\n    \"first\":
        \"https://pagure.io/api/0/protop2g-test-srce/issues?per_page=35&status=all&page=1\",
        \n    \"last\": \"https://pagure.io/api/0/protop2g-test-srce/issues?per_page=35&status=all&page=1\",
        \n    \"next\": null, \n    \"page\": 1, \n    \"pages\": 1, \n    \"per_page\":
        35, \n    \"prev\": null\n  }, \n  \"total_issues\": 4\n}\n"
    headers:
      Connection:
      - Upgrade, Keep-Alive
      Content-Length:
      - '10774'
      Content-Security-Policy:
      - default-src 'self';script-src 'self' 'nonce-ERX08qCwvBs3gIuPA5wDTtoeY'; style-src
        'self' 'nonce-ERX08qCwvBs3gIuPA5wDTtoeY'; object-src 'none';base-uri 'self';img-src
        'self' https:;connect-src 'self' https://pagure.io:8088;frame-src https://docs.pagure.org;frame-ancestors
        https://pagure.io;
      Content-Type:
      - application/json
      Date:
      - Mon, 11 Dec 2023 06:25:09 GMT
      Keep-Alive:
      - timeout=5, max=100
      Referrer-Policy:
      - same-origin
      Server:
      - Apache/2.4.37 (Red Hat Enterprise Linux) OpenSSL/1.1.1k mod_wsgi/4.6.4 Python/3.6
      Set-Cookie: ''
      Strict-Transport-Security:
      - max-age=31536000; includeSubDomains; preload
      Upgrade:
      - h2,h2c
      X-Content-Type-Options:
      - nosniff
      X-Frame-Options:
      - ALLOW-FROM https://pagure.io/
      X-Xss-Protection:
      - 1; mode=block
    status:
      code: 200
      message: OK
- request:
    body: null
    headers:
      Accept:
      - '*/*'
      Accept-Encoding:
      - gzip, deflate
      Connection:
      - keep-alive
      User-Agent:
      - python-requests/2.31.0
    method: GET
    uri: https://pagure.io/api/0/protop2g-test-srce/issues?per_page=35&page=1&status=all
  response:
    body:
      string: "{\n  \"args\": {\n    \"assignee\": null, \n    \"author\": null, \n
        \   \"milestones\": [], \n    \"no_stones\": null, \n    \"order\": null,
        \n    \"priority\": null, \n    \"since\": null, \n    \"status\": \"all\",
        \n    \"tags\": []\n  }, \n  \"issues\": [\n    {\n      \"assignee\": null,
        \n      \"blocks\": [], \n      \"close_status\": null, \n      \"closed_at\":
        \"1700554080\", \n      \"closed_by\": {\n        \"full_url\": \"https://pagure.io/user/t0xic0der\",
        \n        \"fullname\": \"Akashdeep Dhar\", \n        \"name\": \"t0xic0der\",
        \n        \"url_path\": \"user/t0xic0der\"\n      }, \n      \"comments\":
        [\n        {\n          \"comment\": \"This is the first comment under the
        fourth test issue\", \n          \"date_created\": \"1700554045\", \n          \"edited_on\":
        null, \n          \"editor\": null, \n          \"id\": 885231, \n          \"notification\":
        false, \n          \"parent\": null, \n          \"reactions\": {}, \n          \"user\":
        {\n            \"full_url\": \"https://pagure.io/user/t0xic0der\", \n            \"fullname\":
        \"Akashdeep Dhar\", \n            \"name\": \"t0xic0der\", \n            \"url_path\":
        \"user/t0xic0der\"\n          }\n        }, \n        {\n          \"comment\":
        \"This is the second comment under the fourth test issue\", \n          \"date_created\":
        \"1700554054\", \n          \"edited_on\": null, \n          \"editor\": null,
        \n          \"id\": 885232, \n          \"notification\": false, \n          \"parent\":
        null, \n          \"reactions\": {}, \n          \"user\": {\n            \"full_url\":
        \"https://pagure.io/user/t0xic0der\", \n            \"fullname\": \"Akashdeep
        Dhar\", \n            \"name\": \"t0xic0der\", \n            \"url_path\":
        \"user/t0xic0der\"\n          }\n        }, \n        {\n          \"comment\":
        \"**Metadata Update from @t0xic0der**:\\n- Issue status updated to: Closed
        (was: Open)\", \n          \"date_created\": \"1700554081\", \n          \"edited_on\":
        null, \n          \"editor\": null, \n          \"id\": 885233, \n          \"notification\":
        true, \n          \"parent\": null, \n          \"reactions\": {}, \n          \"user\":
        {\n            \"full_url\": \"https://pagure.io/user/t0xic0der\", \n            \"fullname\":
        \"Akashdeep Dhar\", \n            \"name\": \"t0xic0der\", \n            \"url_path\":
        \"user/t0xic0der\"\n          }\n        }\n      ], \n      \"content\":
        \"This is the body of the fourth test issue\", \n      \"custom_fields\":
        [], \n      \"date_created\": \"1700554016\", \n      \"depends\": [], \n
        \     \"full_url\": \"https://pagure.io/protop2g-test-srce/issue/4\", \n      \"id\":
        4, \n      \"last_updated\": \"1700554081\", \n      \"milestone\": null,
        \n      \"priority\": null, \n      \"private\": true, \n      \"related_prs\":
        [], \n      \"status\": \"Closed\", \n      \"tags\": [\n        \"gggg\",
        \n        \"hhhh\"\n      ], \n      \"title\": \"This is the title of the
        fourth test issue\", \n      \"user\": {\n        \"full_url\": \"https://pagure.io/user/t0xic0der\",
        \n        \"fullname\": \"Akashdeep Dhar\", \n        \"name\": \"t0xic0der\",
        \n        \"url_path\": \"user/t0xic0der\"\n      }\n    }, \n    {\n      \"assignee\":
        null, \n      \"blocks\": [], \n      \"close_status\": null, \n      \"closed_at\":
        null, \n      \"closed_by\": null, \n      \"comments\": [\n        {\n          \"comment\":
        \"This is the first comment under the third test issue\", \n          \"date_created\":
        \"1700553880\", \n          \"edited_on\": null, \n          \"editor\": null,
        \n          \"id\": 885229, \n          \"notification\": false, \n          \"parent\":
        null, \n          \"reactions\": {}, \n          \"user\": {\n            \"full_url\":
        \"https://pagure.io/user/t0xic0der\", \n            \"fullname\": \"Akashdeep
        Dhar\", \n            \"name\": \"t0xic0der\", \n            \"url_path\":
        \"user/t0xic0der\"\n          }\n        }, \n        {\n          \"comment\":
        \"This is the second comment under the third test issue\", \n          \"date_created\":
        \"1700553892\", \n          \"edited_on\": null, \n          \"editor\": null,
        \n          \"id\": 885230, \n          \"notification\": false, \n          \"parent\":
        null, \n          \"reactions\": {}, \n          \"user\": {\n            \"full_url\":
        \"https://pagure.io/user/t0xic0der\", \n            \"fullname\": \"Akashdeep
        Dhar\", \n            \"name\": \"t0xic0der\", \n            \"url_path\":
        \"user/t0xic0der\"\n          }\n        }\n      ], \n      \"content\":
        \"This is the body of the third test issue\", \n      \"custom_fields\": [],
        \n      \"date_created\": \"1700553837\", \n      \"depends\": [], \n      \"full_url\":
        \"https://pagure.io/protop2g-test-srce/issue/3\", \n      \"id\": 3, \n      \"last_updated\":
        \"1700553892\", \n      \"milestone\": null, \n      \"priority\": null, \n
        \     \"private\": true, \n      \"related_prs\": [], \n      \"status\":
        \"Open\", \n      \"tags\": [\n        \"eeee\", \n        \"ffff\"\n      ],
        \n      \"title\": \"This is the title of the third test issue\", \n      \"user\":
        {\n        \"full_url\": \"https://pagure.io/user/t0xic0der\", \n        \"fullname\":
        \"Akashdeep Dhar\", \n        \"name\": \"t0xic0der\", \n        \"url_path\":
        \"user/t0xic0der\"\n      }\n    }, \n    {\n      \"assignee\": null, \n
        \     \"blocks\": [], \n      \"close_status\": null, \n      \"closed_at\":
        \"1697170032\", \n      \"closed_by\": {\n        \"full_url\": \"https://pagure.io/user/t0xic0der\",
        \n        \"fullname\": \"Akashdeep Dhar\", \n        \"name\": \"t0xic0der\",
        \n        \"url_path\": \"user/t0xic0der\"\n      }, \n      \"comments\":
        [\n        {\n          \"comment\": \"**Metadata Update from @t0xic0der**:\\n-
        Issue tagged with: cccc, dddd\", \n          \"date_created\": \"1697169810\",
        \n          \"edited_on\": null, \n          \"editor\": null, \n          \"id\":
        878472, \n          \"notification\": true, \n          \"parent\": null,
        \n          \"reactions\": {}, \n          \"user\": {\n            \"full_url\":
        \"https://pagure.io/user/t0xic0der\", \n            \"fullname\": \"Akashdeep
        Dhar\", \n            \"name\": \"t0xic0der\", \n            \"url_path\":
        \"user/t0xic0der\"\n          }\n        }, \n        {\n          \"comment\":
        \"The is the first comment under the second test issue\", \n          \"date_created\":
        \"1697169964\", \n          \"edited_on\": null, \n          \"editor\": null,
        \n          \"id\": 878475, \n          \"notification\": false, \n          \"parent\":
        null, \n          \"reactions\": {}, \n          \"user\": {\n            \"full_url\":
        \"https://pagure.io/user/t0xic0der\", \n            \"fullname\": \"Akashdeep
        Dhar\", \n            \"name\": \"t0xic0der\", \n            \"url_path\":
        \"user/t0xic0der\"\n          }\n        }, \n        {\n          \"comment\":
        \"The is the second comment under the second test issue\", \n          \"date_created\":
        \"1697169976\", \n          \"edited_on\": null, \n          \"editor\": null,
        \n          \"id\": 878476, \n          \"notification\": false, \n          \"parent\":
        null, \n          \"reactions\": {}, \n          \"user\": {\n            \"full_url\":
        \"https://pagure.io/user/t0xic0der\", \n            \"fullname\": \"Akashdeep
        Dhar\", \n            \"name\": \"t0xic0der\", \n            \"url_path\":
        \"user/t0xic0der\"\n          }\n        }, \n        {\n          \"comment\":
        \"**Metadata Update from @t0xic0der**:\\n- Issue status updated to: Closed
        (was: Open)\", \n          \"date_created\": \"1697170032\", \n          \"edited_on\":
        null, \n          \"editor\": null, \n          \"id\": 878477, \n          \"notification\":
        true, \n          \"parent\": null, \n          \"reactions\": {}, \n          \"user\":
        {\n            \"full_url\": \"https://pagure.io/user/t0xic0der\", \n            \"fullname\":
        \"Akashdeep Dhar\", \n            \"name\": \"t0xic0der\", \n            \"url_path\":
        \"user/t0xic0der\"\n          }\n        }\n      ], \n      \"content\":
        \"This is the body of the second test issue\", \n      \"custom_fields\":
        [], \n      \"date_created\": \"1697169676\", \n      \"depends\": [], \n
        \     \"full_url\": \"https://pagure.io/protop2g-test-srce/issue/2\", \n      \"id\":
        2, \n      \"last_updated\": \"1697170032\", \n      \"milestone\": null,
        \n      \"priority\": null, \n      \"private\": false, \n      \"related_prs\":
        [], \n      \"status\": \"Closed\", \n      \"tags\": [\n        \"cccc\",
        \n        \"dddd\"\n      ], \n      \"title\": \"This is the title of the
        second test issue\", \n      \"user\": {\n        \"full_url\": \"https://pagure.io/user/t0xic0der\",
        \n        \"fullname\": \"Akashdeep Dhar\", \n        \"name\": \"t0xic0der\",
        \n        \"url_path\": \"user/t0xic0der\"\n      }\n    }, \n    {\n      \"assignee\":
        null, \n      \"blocks\": [], \n      \"close_status\": null, \n      \"closed_at\":
        null, \n      \"closed_by\": null, \n      \"comments\": [\n        {\n          \"comment\":
        \"**Metadata Update from @t0xic0der**:\\n- Issue tagged with: aaaa, bbbb\",
        \n          \"date_created\": \"1697169699\", \n          \"edited_on\": null,
        \n          \"editor\": null, \n          \"id\": 878471, \n          \"notification\":
        true, \n          \"parent\": null, \n          \"reactions\": {}, \n          \"user\":
        {\n            \"full_url\": \"https://pagure.io/user/t0xic0der\", \n            \"fullname\":
        \"Akashdeep Dhar\", \n            \"name\": \"t0xic0der\", \n            \"url_path\":
        \"user/t0xic0der\"\n          }\n        }, \n        {\n          \"comment\":
        \"This is the first comment under the first test issue\", \n          \"date_created\":
        \"1697169880\", \n          \"edited_on\": null, \n          \"editor\": null,
        \n          \"id\": 878473, \n          \"notification\": false, \n          \"parent\":
        null, \n          \"reactions\": {}, \n          \"user\": {\n            \"full_url\":
        \"https://pagure.io/user/t0xic0der\", \n            \"fullname\": \"Akashdeep
        Dhar\", \n            \"name\": \"t0xic0der\", \n            \"url_path\":
        \"user/t0xic0der\"\n          }\n        }, \n        {\n          \"comment\":
        \"This is the second comment under the first test issue\", \n          \"date_created\":
        \"1697169924\", \n          \"edited_on\": null, \n          \"editor\": null,
        \n          \"id\": 878474, \n          \"notification\": false, \n          \"parent\":
        null, \n          \"reactions\": {}, \n          \"user\": {\n            \"full_url\":
        \"https://pagure.io/user/t0xic0der\", \n            \"fullname\": \"Akashdeep
        Dhar\", \n            \"name\": \"t0xic0der\", \n            \"url_path\":
        \"user/t0xic0der\"\n          }\n        }\n      ], \n      \"content\":
        \"This is the body of the first test issue\", \n      \"custom_fields\": [],
        \n      \"date_created\": \"1697169462\", \n      \"depends\": [], \n      \"full_url\":
        \"https://pagure.io/protop2g-test-srce/issue/1\", \n      \"id\": 1, \n      \"last_updated\":
        \"1697169924\", \n      \"milestone\": null, \n      \"priority\": null, \n
        \     \"private\": false, \n      \"related_prs\": [], \n      \"status\":
        \"Open\", \n      \"tags\": [\n        \"aaaa\", \n        \"bbbb\"\n      ],
        \n      \"title\": \"This is the title of the first test issue\", \n      \"user\":
        {\n        \"full_url\": \"https://pagure.io/user/t0xic0der\", \n        \"fullname\":
        \"Akashdeep Dhar\", \n        \"name\": \"t0xic0der\", \n        \"url_path\":
        \"user/t0xic0der\"\n      }\n    }\n  ], \n  \"pagination\": {\n    \"first\":
        \"https://pagure.io/api/0/protop2g-test-srce/issues?per_page=35&status=all&page=1\",
        \n    \"last\": \"https://pagure.io/api/0/protop2g-test-srce/issues?per_page=35&status=all&page=1\",
        \n    \"next\": null, \n    \"page\": 1, \n    \"pages\": 1, \n    \"per_page\":
        35, \n    \"prev\": null\n  }, \n  \"total_issues\": 4\n}\n"
    headers:
      Connection:
      - Upgrade, Keep-Alive
      Content-Length:
      - '10774'
      Content-Security-Policy:
      - default-src 'self';script-src 'self' 'nonce-eAEZSjP7mjDYX6z2afwrnOiIL'; style-src
        'self' 'nonce-eAEZSjP7mjDYX6z2afwrnOiIL'; object-src 'none';base-uri 'self';img-src
        'self' https:;connect-src 'self' https://pagure.io:8088;frame-src https://docs.pagure.org;frame-ancestors
        https://pagure.io;
      Content-Type:
      - application/json
      Date:
      - Mon, 11 Dec 2023 06:25:10 GMT
      Keep-Alive:
      - timeout=5, max=100
      Referrer-Policy:
      - same-origin
      Server:
      - Apache/2.4.37 (Red Hat Enterprise Linux) OpenSSL/1.1.1k mod_wsgi/4.6.4 Python/3.6
      Set-Cookie: ''
      Strict-Transport-Security:
      - max-age=31536000; includeSubDomains; preload
      Upgrade:
      - h2,h2c
      X-Content-Type-Options:
      - nosniff
      X-Frame-Options:
      - ALLOW-FROM https://pagure.io/
      X-Xss-Protection:
      - 1; mode=block
    status:
      code: 200
      message: OK
- request:
    body: title=%5BSN%234%5D+This+is+the+title+of+the+fourth+test+issue&description=%0AThis+is+the+body+of+the+fourth+test+issue%0A%0A_This+issue+ticket+was+originally+created+%5Bhere%5D%28https%3A%2F%2Fpagure.io%2Fprotop2g-test-srce%2Fissue%2F4%29+on+a+Pagure+repository%2C%0A%5B%2A%2Aprotop2g-test-srce%2A%2A%5D%28https%3A%2F%2Fpagure.io%2Fprotop2g-test-srce%29+by+%5B%2A%2AAkashdeep+Dhar%2A%2A%5D%28https%3A%2F%2Fpagure.io%2Fuser%2Ft0xic0der%29+on%0A%5B%2A%2ATue+Nov+21+08%3A06%3A56+2023%2A%2A+UTC%5D%28https%3A%2F%2Fsavvytime.com%2Fconverter%2Futc%2Fnov-21-2023%2F08-06%29._%0A%0A_This+issue+ticket+was+automatically+created+by+the%0A%5B%2A%2APagure+Exporter%2A%2A%5D%28https%3A%2F%2Fgithub.com%2Fgridhead%2Fpagure-exporter%29._%0A
    headers:
      Accept:
      - '*/*'
      Accept-Encoding:
      - gzip, deflate
      Connection:
      - keep-alive
      Content-Length:
      - '725'
      Content-Type:
      - application/x-www-form-urlencoded
      User-Agent:
      - python-requests/2.31.0
    method: POST
    uri: https://gitlab.com/api/v4/projects/42823949/issues
  response:
    body:
      string: '{"id":139467143,"iid":6101,"project_id":42823949,"title":"[SN#4] This
        is the title of the fourth test issue","description":"\nThis is the body of
        the fourth test issue\n\n_This issue ticket was originally created [here](https://pagure.io/protop2g-test-srce/issue/4)
        on a Pagure repository,\n[**protop2g-test-srce**](https://pagure.io/protop2g-test-srce)
        by [**Akashdeep Dhar**](https://pagure.io/user/t0xic0der) on\n[**Tue Nov 21
        08:06:56 2023** UTC](https://savvytime.com/converter/utc/nov-21-2023/08-06)._\n\n_This
        issue ticket was automatically created by the\n[**Pagure Exporter**](https://github.com/gridhead/pagure-exporter)._","state":"opened","created_at":"2023-12-11T06:25:11.738Z","updated_at":"2023-12-11T06:25:11.738Z","closed_at":null,"closed_by":null,"labels":[],"milestone":null,"assignees":[],"author":{"id":18339343,"username":"project_42823949_bot_992e5e9e997a7b44822ff32a4c634472","name":"protop2g-test","state":"active","locked":false,"avatar_url":"https://secure.gravatar.com/avatar/1b6289f6c729f1ba694aa2bc296a7277?s=80\u0026d=identicon","web_url":"https://gitlab.com/project_42823949_bot_992e5e9e997a7b44822ff32a4c634472"},"type":"ISSUE","assignee":null,"user_notes_count":0,"merge_requests_count":0,"upvotes":0,"downvotes":0,"due_date":null,"confidential":false,"discussion_locked":null,"issue_type":"issue","web_url":"https://gitlab.com/gridhead/protop2g-test/-/issues/6101","time_stats":{"time_estimate":0,"total_time_spent":0,"human_time_estimate":null,"human_total_time_spent":null},"task_completion_status":{"count":0,"completed_count":0},"blocking_issues_count":0,"has_tasks":true,"task_status":"0
        of 0 checklist items completed","_links":{"self":"https://gitlab.com/api/v4/projects/42823949/issues/6101","notes":"https://gitlab.com/api/v4/projects/42823949/issues/6101/notes","award_emoji":"https://gitlab.com/api/v4/projects/42823949/issues/6101/award_emoji","project":"https://gitlab.com/api/v4/projects/42823949","closed_as_duplicate_of":null},"references":{"short":"#6101","relative":"#6101","full":"gridhead/protop2g-test#6101"},"severity":"UNKNOWN","subscribed":true,"moved_to_id":null,"service_desk_reply_to":null}'
    headers:
      CF-Cache-Status:
      - DYNAMIC
      CF-RAY:
      - 833ba61d8d5a1bde-BOM
      Connection:
      - keep-alive
      Content-Length:
      - '2152'
      Content-Type:
      - application/json
      Date:
      - Mon, 11 Dec 2023 06:25:12 GMT
      NEL:
      - '{"success_fraction":0.01,"report_to":"cf-nel","max_age":604800}'
      Report-To:
      - '{"endpoints":[{"url":"https:\/\/a.nel.cloudflare.com\/report\/v3?s=vfCkdJUIuwfA2Kv7HFgG8RwreP192vV3M1PvFmLi3ZsiEGRqY7qJn482Vz9FgrQoPpykvjvQ5ewjYXzUlfYmZRk6oTTcvfdINYhHOMri5kUwDSEzB1My6fOSTq8%3D"}],"group":"cf-nel","max_age":604800}'
      Server:
      - cloudflare
      Set-Cookie: ''
      cache-control:
      - max-age=0, private, must-revalidate
      content-security-policy:
      - default-src 'none'
      etag:
      - W/"dfb5b96be733af550ef0b048163d0a85"
      gitlab-lb:
      - haproxy-main-59-lb-gprd
      gitlab-sv:
      - localhost
      ratelimit-limit:
      - '2000'
      ratelimit-observed:
      - '34'
      ratelimit-remaining:
      - '1965'
      ratelimit-reset:
      - '1702275971'
      ratelimit-resettime:
      - Mon, 11 Dec 2023 06:26:11 GMT
      referrer-policy:
      - strict-origin-when-cross-origin
      strict-transport-security:
      - max-age=31536000
      vary:
      - Origin
      x-content-type-options:
      - nosniff
      x-frame-options:
      - SAMEORIGIN
      x-gitlab-meta:
      - '{"correlation_id":"748653e3d128337f4c649d69ac571ce8","version":"1"}'
      x-request-id:
      - 748653e3d128337f4c649d69ac571ce8
      x-runtime:
      - '0.551807'
    status:
      code: 201
      message: Created
- request:
    body: body=%0AThis+is+the+first+comment+under+the+fourth+test+issue%0A%0A_This+comment+was+originally+created+%5Bhere%5D%28https%3A%2F%2Fpagure.io%2Fprotop2g-test-srce%2Fissue%2F4%23comment-885231%29+by+%5B%2A%2AAkashdeep+Dhar%2A%2A%5D%28https%3A%2F%2Fpagure.io%2Fuser%2Ft0xic0der%29+under%0A%5Bthis%5D%28https%3A%2F%2Fpagure.io%2Fprotop2g-test-srce%2Fissue%2F4%29+issue+ticket+on+a+Pagure+repository%2C+%5B%2A%2Aprotop2g-test-srce%2A%2A%5D%28https%3A%2F%2Fpagure.io%2Fprotop2g-test-srce%29+on%0A%5B%2A%2ATue+Nov+21+08%3A07%3A25+2023%2A%2A+UTC%5D%28https%3A%2F%2Fsavvytime.com%2Fconverter%2Futc%2Fnov-21-2023%2F08-07%29._%0A%0A_This+comment+was+automatically+created+by+the%0A%5B%2A%2APagure+Exporter%2A%2A%5D%28https%3A%2F%2Fgithub.com%2Fgridhead%2Fpagure-exporter%29._%0A
    headers:
      Accept:
      - '*/*'
      Accept-Encoding:
      - gzip, deflate
      Connection:
      - keep-alive
      Content-Length:
      - '767'
      Content-Type:
      - application/x-www-form-urlencoded
      User-Agent:
      - python-requests/2.31.0
    method: POST
    uri: https://gitlab.com/api/v4/projects/42823949/issues/6101/notes
  response:
    body:
      string: '{"id":1687901714,"type":null,"body":"\nThis is the first comment under
        the fourth test issue\n\n_This comment was originally created [here](https://pagure.io/protop2g-test-srce/issue/4#comment-885231)
        by [**Akashdeep Dhar**](https://pagure.io/user/t0xic0der) under\n[this](https://pagure.io/protop2g-test-srce/issue/4)
        issue ticket on a Pagure repository, [**protop2g-test-srce**](https://pagure.io/protop2g-test-srce)
        on\n[**Tue Nov 21 08:07:25 2023** UTC](https://savvytime.com/converter/utc/nov-21-2023/08-07)._\n\n_This
        comment was automatically created by the\n[**Pagure Exporter**](https://github.com/gridhead/pagure-exporter)._","attachment":null,"author":{"id":18339343,"username":"project_42823949_bot_992e5e9e997a7b44822ff32a4c634472","name":"****","state":"active","locked":false,"avatar_url":"https://secure.gravatar.com/avatar/1b6289f6c729f1ba694aa2bc296a7277?s=80\u0026d=identicon","web_url":"https://gitlab.com/project_42823949_bot_992e5e9e997a7b44822ff32a4c634472"},"created_at":"2023-12-11T06:25:12.778Z","updated_at":"2023-12-11T06:25:12.778Z","system":false,"noteable_id":139467143,"noteable_type":"Issue","project_id":42823949,"resolvable":false,"confidential":false,"internal":false,"noteable_iid":6101,"commands_changes":{}}'
    headers:
      CF-Cache-Status:
      - DYNAMIC
      CF-RAY:
      - 833ba623bc88f4c6-BOM
      Connection:
      - keep-alive
      Content-Length:
      - '1246'
      Content-Type:
      - application/json
      Date:
      - Mon, 11 Dec 2023 06:25:13 GMT
      NEL:
      - '{"success_fraction":0.01,"report_to":"cf-nel","max_age":604800}'
      Report-To:
      - '{"endpoints":[{"url":"https:\/\/a.nel.cloudflare.com\/report\/v3?s=smcLj%2BwZw6tzAxqs4RwLkGl%2F0UD%2ByapVe%2BSh7xCa1o8iow9RgAYOZNmSBoEghnfWViQJLF2MVPSvow6R3DyiVaxfj7o0dA4ZJwHoBTkKZF8YGzIK2dDiHcXqjnc%3D"}],"group":"cf-nel","max_age":604800}'
      Server:
      - cloudflare
      Set-Cookie: ''
      cache-control:
      - max-age=0, private, must-revalidate
      content-security-policy:
      - default-src 'none'
      etag:
      - W/"e11367754cf6e6459f6bc5b8d8b7804b"
      gitlab-lb:
      - haproxy-main-33-lb-gprd
      gitlab-sv:
      - localhost
      ratelimit-limit:
      - '2000'
      ratelimit-observed:
      - '34'
      ratelimit-remaining:
      - '1965'
      ratelimit-reset:
      - '1702275973'
      ratelimit-resettime:
      - Mon, 11 Dec 2023 06:26:13 GMT
      referrer-policy:
      - strict-origin-when-cross-origin
      strict-transport-security:
      - max-age=31536000
      vary:
      - Origin
      x-content-type-options:
      - nosniff
      x-frame-options:
      - SAMEORIGIN
      x-gitlab-meta:
      - '{"correlation_id":"e88d292cb3de5eed87237d083973eded","version":"1"}'
      x-request-id:
      - e88d292cb3de5eed87237d083973eded
      x-runtime:
      - '0.818852'
    status:
      code: 201
      message: Created
- request:
    body: body=%0AThis+is+the+second+comment+under+the+fourth+test+issue%0A%0A_This+comment+was+originally+created+%5Bhere%5D%28https%3A%2F%2Fpagure.io%2Fprotop2g-test-srce%2Fissue%2F4%23comment-885232%29+by+%5B%2A%2AAkashdeep+Dhar%2A%2A%5D%28https%3A%2F%2Fpagure.io%2Fuser%2Ft0xic0der%29+under%0A%5Bthis%5D%28https%3A%2F%2Fpagure.io%2Fprotop2g-test-srce%2Fissue%2F4%29+issue+ticket+on+a+Pagure+repository%2C+%5B%2A%2Aprotop2g-test-srce%2A%2A%5D%28https%3A%2F%2Fpagure.io%2Fprotop2g-test-srce%29+on%0A%5B%2A%2ATue+Nov+21+08%3A07%3A34+2023%2A%2A+UTC%5D%28https%3A%2F%2Fsavvytime.com%2Fconverter%2Futc%2Fnov-21-2023%2F08-07%29._%0A%0A_This+comment+was+automatically+created+by+the%0A%5B%2A%2APagure+Exporter%2A%2A%5D%28https%3A%2F%2Fgithub.com%2Fgridhead%2Fpagure-exporter%29._%0A
    headers:
      Accept:
      - '*/*'
      Accept-Encoding:
      - gzip, deflate
      Connection:
      - keep-alive
      Content-Length:
      - '768'
      Content-Type:
      - application/x-www-form-urlencoded
      User-Agent:
      - python-requests/2.31.0
    method: POST
    uri: https://gitlab.com/api/v4/projects/42823949/issues/6101/notes
  response:
    body:
      string: '{"id":1687901734,"type":null,"body":"\nThis is the second comment under
        the fourth test issue\n\n_This comment was originally created [here](https://pagure.io/protop2g-test-srce/issue/4#comment-885232)
        by [**Akashdeep Dhar**](https://pagure.io/user/t0xic0der) under\n[this](https://pagure.io/protop2g-test-srce/issue/4)
        issue ticket on a Pagure repository, [**protop2g-test-srce**](https://pagure.io/protop2g-test-srce)
        on\n[**Tue Nov 21 08:07:34 2023** UTC](https://savvytime.com/converter/utc/nov-21-2023/08-07)._\n\n_This
        comment was automatically created by the\n[**Pagure Exporter**](https://github.com/gridhead/pagure-exporter)._","attachment":null,"author":{"id":18339343,"username":"project_42823949_bot_992e5e9e997a7b44822ff32a4c634472","name":"****","state":"active","locked":false,"avatar_url":"https://secure.gravatar.com/avatar/1b6289f6c729f1ba694aa2bc296a7277?s=80\u0026d=identicon","web_url":"https://gitlab.com/project_42823949_bot_992e5e9e997a7b44822ff32a4c634472"},"created_at":"2023-12-11T06:25:13.997Z","updated_at":"2023-12-11T06:25:13.997Z","system":false,"noteable_id":139467143,"noteable_type":"Issue","project_id":42823949,"resolvable":false,"confidential":false,"internal":false,"noteable_iid":6101,"commands_changes":{}}'
    headers:
      CF-Cache-Status:
      - DYNAMIC
      CF-RAY:
      - 833ba62b594c8555-BOM
      Connection:
      - keep-alive
      Content-Length:
      - '1247'
      Content-Type:
      - application/json
      Date:
      - Mon, 11 Dec 2023 06:25:14 GMT
      NEL:
      - '{"success_fraction":0.01,"report_to":"cf-nel","max_age":604800}'
      Report-To:
      - '{"endpoints":[{"url":"https:\/\/a.nel.cloudflare.com\/report\/v3?s=OPtpBzzm7xK5afUy3%2FavKDQA1SRl4fHdI1Cmi1Au8Ku7B19VH1UcYJmK6YZkFAcoF7zbt42ufGDpWWL8ivi5wMnL4ZMqcTeZQ%2BAVE8jYH1Gy6L%2FY3eb6hCpL%2Bp8%3D"}],"group":"cf-nel","max_age":604800}'
      Server:
      - cloudflare
      Set-Cookie: ''
      cache-control:
      - max-age=0, private, must-revalidate
      content-security-policy:
      - default-src 'none'
      etag:
      - W/"96442b4ad1fe0ae6d9f031911d61773d"
      gitlab-lb:
      - haproxy-main-24-lb-gprd
      gitlab-sv:
      - localhost
      ratelimit-limit:
      - '2000'
      ratelimit-observed:
      - '35'
      ratelimit-remaining:
      - '1965'
      ratelimit-reset:
      - '1702275974'
      ratelimit-resettime:
      - Mon, 11 Dec 2023 06:26:14 GMT
      referrer-policy:
      - strict-origin-when-cross-origin
      strict-transport-security:
      - max-age=31536000
      vary:
      - Origin
      x-content-type-options:
      - nosniff
      x-frame-options:
      - SAMEORIGIN
      x-gitlab-meta:
      - '{"correlation_id":"25a4de020432599f7b79dcacbef46445","version":"1"}'
      x-request-id:
      - 25a4de020432599f7b79dcacbef46445
      x-runtime:
      - '0.504967'
    status:
      code: 201
      message: Created
- request:
    body: body=%0A%2A%2AMetadata+Update+from+%26t0xic0der%2A%2A%3A%0A-+Issue+status+updated+to%3A+Closed+%28was%3A+Open%29%0A%0A_This+comment+was+originally+created+%5Bhere%5D%28https%3A%2F%2Fpagure.io%2Fprotop2g-test-srce%2Fissue%2F4%23comment-885233%29+by+%5B%2A%2AAkashdeep+Dhar%2A%2A%5D%28https%3A%2F%2Fpagure.io%2Fuser%2Ft0xic0der%29+under%0A%5Bthis%5D%28https%3A%2F%2Fpagure.io%2Fprotop2g-test-srce%2Fissue%2F4%29+issue+ticket+on+a+Pagure+repository%2C+%5B%2A%2Aprotop2g-test-srce%2A%2A%5D%28https%3A%2F%2Fpagure.io%2Fprotop2g-test-srce%29+on%0A%5B%2A%2ATue+Nov+21+08%3A08%3A01+2023%2A%2A+UTC%5D%28https%3A%2F%2Fsavvytime.com%2Fconverter%2Futc%2Fnov-21-2023%2F08-08%29._%0A%0A_This+comment+was+automatically+created+by+the%0A%5B%2A%2APagure+Exporter%2A%2A%5D%28https%3A%2F%2Fgithub.com%2Fgridhead%2Fpagure-exporter%29._%0A
    headers:
      Accept:
      - '*/*'
      Accept-Encoding:
      - gzip, deflate
      Connection:
      - keep-alive
      Content-Length:
      - '818'
      Content-Type:
      - application/x-www-form-urlencoded
      User-Agent:
      - python-requests/2.31.0
    method: POST
    uri: https://gitlab.com/api/v4/projects/42823949/issues/6101/notes
  response:
    body:
      string: '{"id":1687901751,"type":null,"body":"\n**Metadata Update from \u0026t0xic0der**:\n-
        Issue status updated to: Closed (was: Open)\n\n_This comment was originally
        created [here](https://pagure.io/protop2g-test-srce/issue/4#comment-885233)
        by [**Akashdeep Dhar**](https://pagure.io/user/t0xic0der) under\n[this](https://pagure.io/protop2g-test-srce/issue/4)
        issue ticket on a Pagure repository, [**protop2g-test-srce**](https://pagure.io/protop2g-test-srce)
        on\n[**Tue Nov 21 08:08:01 2023** UTC](https://savvytime.com/converter/utc/nov-21-2023/08-08)._\n\n_This
        comment was automatically created by the\n[**Pagure Exporter**](https://github.com/gridhead/pagure-exporter)._","attachment":null,"author":{"id":18339343,"username":"project_42823949_bot_992e5e9e997a7b44822ff32a4c634472","name":"****","state":"active","locked":false,"avatar_url":"https://secure.gravatar.com/avatar/1b6289f6c729f1ba694aa2bc296a7277?s=80\u0026d=identicon","web_url":"https://gitlab.com/project_42823949_bot_992e5e9e997a7b44822ff32a4c634472"},"created_at":"2023-12-11T06:25:15.011Z","updated_at":"2023-12-11T06:25:15.011Z","system":false,"noteable_id":139467143,"noteable_type":"Issue","project_id":42823949,"resolvable":false,"confidential":false,"internal":false,"noteable_iid":6101,"commands_changes":{}}'
    headers:
      CF-Cache-Status:
      - DYNAMIC
      CF-RAY:
      - 833ba6311ebb85b4-BOM
      Connection:
      - keep-alive
      Content-Length:
      - '1281'
      Content-Type:
      - application/json
      Date:
      - Mon, 11 Dec 2023 06:25:15 GMT
      NEL:
      - '{"success_fraction":0.01,"report_to":"cf-nel","max_age":604800}'
      Report-To:
      - '{"endpoints":[{"url":"https:\/\/a.nel.cloudflare.com\/report\/v3?s=J9FKch%2Bijzil1qhtHm5iTpvC3safPN%2Bi0gYAx0ktVQ3Q0kM9kJ%2BJwmJdDOtAVnXI%2F1%2BJ87D5aNDaB4vq9mm%2FGv%2BSmCteT905NI4ydzPraD3rmiuS5%2BS4urvcd6M%3D"}],"group":"cf-nel","max_age":604800}'
      Server:
      - cloudflare
      Set-Cookie: ''
      cache-control:
      - max-age=0, private, must-revalidate
      content-security-policy:
      - default-src 'none'
      etag:
      - W/"10e6a12e8b5f169480a167f5b1addbcd"
      gitlab-lb:
      - haproxy-main-54-lb-gprd
      gitlab-sv:
      - localhost
      ratelimit-limit:
      - '2000'
      ratelimit-observed:
      - '35'
      ratelimit-remaining:
      - '1964'
      ratelimit-reset:
      - '1702275975'
      ratelimit-resettime:
      - Mon, 11 Dec 2023 06:26:15 GMT
      referrer-policy:
      - strict-origin-when-cross-origin
      strict-transport-security:
      - max-age=31536000
      vary:
      - Origin
      x-content-type-options:
      - nosniff
      x-frame-options:
      - SAMEORIGIN
      x-gitlab-meta:
      - '{"correlation_id":"779bd9d7fc04d2f2f77a654414d0d96a","version":"1"}'
      x-request-id:
      - 779bd9d7fc04d2f2f77a654414d0d96a
      x-runtime:
      - '0.719860'
    status:
      code: 201
      message: Created
- request:
    body: title=%5BSN%233%5D+This+is+the+title+of+the+third+test+issue&description=%0AThis+is+the+body+of+the+third+test+issue%0A%0A_This+issue+ticket+was+originally+created+%5Bhere%5D%28https%3A%2F%2Fpagure.io%2Fprotop2g-test-srce%2Fissue%2F3%29+on+a+Pagure+repository%2C%0A%5B%2A%2Aprotop2g-test-srce%2A%2A%5D%28https%3A%2F%2Fpagure.io%2Fprotop2g-test-srce%29+by+%5B%2A%2AAkashdeep+Dhar%2A%2A%5D%28https%3A%2F%2Fpagure.io%2Fuser%2Ft0xic0der%29+on%0A%5B%2A%2ATue+Nov+21+08%3A03%3A57+2023%2A%2A+UTC%5D%28https%3A%2F%2Fsavvytime.com%2Fconverter%2Futc%2Fnov-21-2023%2F08-03%29._%0A%0A_This+issue+ticket+was+automatically+created+by+the%0A%5B%2A%2APagure+Exporter%2A%2A%5D%28https%3A%2F%2Fgithub.com%2Fgridhead%2Fpagure-exporter%29._%0A
    headers:
      Accept:
      - '*/*'
      Accept-Encoding:
      - gzip, deflate
      Connection:
      - keep-alive
      Content-Length:
      - '723'
      Content-Type:
      - application/x-www-form-urlencoded
      User-Agent:
      - python-requests/2.31.0
    method: POST
    uri: https://gitlab.com/api/v4/projects/42823949/issues
  response:
    body:
      string: '{"id":139467145,"iid":6102,"project_id":42823949,"title":"[SN#3] This
        is the title of the third test issue","description":"\nThis is the body of
        the third test issue\n\n_This issue ticket was originally created [here](https://pagure.io/protop2g-test-srce/issue/3)
        on a Pagure repository,\n[**protop2g-test-srce**](https://pagure.io/protop2g-test-srce)
        by [**Akashdeep Dhar**](https://pagure.io/user/t0xic0der) on\n[**Tue Nov 21
        08:03:57 2023** UTC](https://savvytime.com/converter/utc/nov-21-2023/08-03)._\n\n_This
        issue ticket was automatically created by the\n[**Pagure Exporter**](https://github.com/gridhead/pagure-exporter)._","state":"opened","created_at":"2023-12-11T06:25:16.006Z","updated_at":"2023-12-11T06:25:16.006Z","closed_at":null,"closed_by":null,"labels":[],"milestone":null,"assignees":[],"author":{"id":18339343,"username":"project_42823949_bot_992e5e9e997a7b44822ff32a4c634472","name":"protop2g-test","state":"active","locked":false,"avatar_url":"https://secure.gravatar.com/avatar/1b6289f6c729f1ba694aa2bc296a7277?s=80\u0026d=identicon","web_url":"https://gitlab.com/project_42823949_bot_992e5e9e997a7b44822ff32a4c634472"},"type":"ISSUE","assignee":null,"user_notes_count":0,"merge_requests_count":0,"upvotes":0,"downvotes":0,"due_date":null,"confidential":false,"discussion_locked":null,"issue_type":"issue","web_url":"https://gitlab.com/gridhead/protop2g-test/-/issues/6102","time_stats":{"time_estimate":0,"total_time_spent":0,"human_time_estimate":null,"human_total_time_spent":null},"task_completion_status":{"count":0,"completed_count":0},"blocking_issues_count":0,"has_tasks":true,"task_status":"0
        of 0 checklist items completed","_links":{"self":"https://gitlab.com/api/v4/projects/42823949/issues/6102","notes":"https://gitlab.com/api/v4/projects/42823949/issues/6102/notes","award_emoji":"https://gitlab.com/api/v4/projects/42823949/issues/6102/award_emoji","project":"https://gitlab.com/api/v4/projects/42823949","closed_as_duplicate_of":null},"references":{"short":"#6102","relative":"#6102","full":"gridhead/protop2g-test#6102"},"severity":"UNKNOWN","subscribed":true,"moved_to_id":null,"service_desk_reply_to":null}'
    headers:
      CF-Cache-Status:
      - DYNAMIC
      CF-RAY:
      - 833ba6383e59f4b0-BOM
      Connection:
      - keep-alive
      Content-Length:
      - '2150'
      Content-Type:
      - application/json
      Date:
      - Mon, 11 Dec 2023 06:25:16 GMT
      NEL:
      - '{"success_fraction":0.01,"report_to":"cf-nel","max_age":604800}'
      Report-To:
      - '{"endpoints":[{"url":"https:\/\/a.nel.cloudflare.com\/report\/v3?s=4FQ5lMdWgdIH1j2jhPSk0UhK2f2huwfGFg7wtnkrxp%2FPNaEaP%2FbHnjqwMyV4PE0MydrtaT59dcHxLdHTdSVYo2v9UusBuHgEvnSQDxQODzX7IQ2L55FpPjXN2oI%3D"}],"group":"cf-nel","max_age":604800}'
      Server:
      - cloudflare
      Set-Cookie: ''
      cache-control:
      - max-age=0, private, must-revalidate
      content-security-policy:
      - default-src 'none'
      etag:
      - W/"c30d03271115cd42394f77dce08e9f53"
      gitlab-lb:
      - haproxy-main-43-lb-gprd
      gitlab-sv:
      - localhost
      ratelimit-limit:
      - '2000'
      ratelimit-observed:
      - '36'
      ratelimit-remaining:
      - '1964'
      ratelimit-reset:
      - '1702275976'
      ratelimit-resettime:
      - Mon, 11 Dec 2023 06:26:16 GMT
      referrer-policy:
      - strict-origin-when-cross-origin
      strict-transport-security:
      - max-age=31536000
      vary:
      - Origin
      x-content-type-options:
      - nosniff
      x-frame-options:
      - SAMEORIGIN
      x-gitlab-meta:
      - '{"correlation_id":"cf78e86b896d1676583f895ed5ea3c9b","version":"1"}'
      x-request-id:
      - cf78e86b896d1676583f895ed5ea3c9b
      x-runtime:
      - '0.572731'
    status:
      code: 201
      message: Created
- request:
    body: body=%0AThis+is+the+first+comment+under+the+third+test+issue%0A%0A_This+comment+was+originally+created+%5Bhere%5D%28https%3A%2F%2Fpagure.io%2Fprotop2g-test-srce%2Fissue%2F3%23comment-885229%29+by+%5B%2A%2AAkashdeep+Dhar%2A%2A%5D%28https%3A%2F%2Fpagure.io%2Fuser%2Ft0xic0der%29+under%0A%5Bthis%5D%28https%3A%2F%2Fpagure.io%2Fprotop2g-test-srce%2Fissue%2F3%29+issue+ticket+on+a+Pagure+repository%2C+%5B%2A%2Aprotop2g-test-srce%2A%2A%5D%28https%3A%2F%2Fpagure.io%2Fprotop2g-test-srce%29+on%0A%5B%2A%2ATue+Nov+21+08%3A04%3A40+2023%2A%2A+UTC%5D%28https%3A%2F%2Fsavvytime.com%2Fconverter%2Futc%2Fnov-21-2023%2F08-04%29._%0A%0A_This+comment+was+automatically+created+by+the%0A%5B%2A%2APagure+Exporter%2A%2A%5D%28https%3A%2F%2Fgithub.com%2Fgridhead%2Fpagure-exporter%29._%0A
    headers:
      Accept:
      - '*/*'
      Accept-Encoding:
      - gzip, deflate
      Connection:
      - keep-alive
      Content-Length:
      - '766'
      Content-Type:
      - application/x-www-form-urlencoded
      User-Agent:
      - python-requests/2.31.0
    method: POST
    uri: https://gitlab.com/api/v4/projects/42823949/issues/6102/notes
  response:
    body:
      string: '{"id":1687901773,"type":null,"body":"\nThis is the first comment under
        the third test issue\n\n_This comment was originally created [here](https://pagure.io/protop2g-test-srce/issue/3#comment-885229)
        by [**Akashdeep Dhar**](https://pagure.io/user/t0xic0der) under\n[this](https://pagure.io/protop2g-test-srce/issue/3)
        issue ticket on a Pagure repository, [**protop2g-test-srce**](https://pagure.io/protop2g-test-srce)
        on\n[**Tue Nov 21 08:04:40 2023** UTC](https://savvytime.com/converter/utc/nov-21-2023/08-04)._\n\n_This
        comment was automatically created by the\n[**Pagure Exporter**](https://github.com/gridhead/pagure-exporter)._","attachment":null,"author":{"id":18339343,"username":"project_42823949_bot_992e5e9e997a7b44822ff32a4c634472","name":"****","state":"active","locked":false,"avatar_url":"https://secure.gravatar.com/avatar/1b6289f6c729f1ba694aa2bc296a7277?s=80\u0026d=identicon","web_url":"https://gitlab.com/project_42823949_bot_992e5e9e997a7b44822ff32a4c634472"},"created_at":"2023-12-11T06:25:17.014Z","updated_at":"2023-12-11T06:25:17.014Z","system":false,"noteable_id":139467145,"noteable_type":"Issue","project_id":42823949,"resolvable":false,"confidential":false,"internal":false,"noteable_iid":6102,"commands_changes":{}}'
    headers:
      CF-Cache-Status:
      - DYNAMIC
      CF-RAY:
      - 833ba63e9c96f415-BOM
      Connection:
      - keep-alive
      Content-Length:
      - '1245'
      Content-Type:
      - application/json
      Date:
      - Mon, 11 Dec 2023 06:25:17 GMT
      NEL:
      - '{"success_fraction":0.01,"report_to":"cf-nel","max_age":604800}'
      Report-To:
      - '{"endpoints":[{"url":"https:\/\/a.nel.cloudflare.com\/report\/v3?s=ls3c6BasilIJeD0FqfV7eeuvkAR%2BAM6dczdkku2dhXisUeZo6vB9W2p5mwlnIYFyT7ALkUOcWAKr%2BIPdMQGNKPrupClZTLF6YAI%2FwZPCBFYf7MSvoSnYTKq0xtQ%3D"}],"group":"cf-nel","max_age":604800}'
      Server:
      - cloudflare
      Set-Cookie: ''
      cache-control:
      - max-age=0, private, must-revalidate
      content-security-policy:
      - default-src 'none'
      etag:
      - W/"749c3a58f7f8d1ac3949a138521c71d5"
      gitlab-lb:
      - haproxy-main-19-lb-gprd
      gitlab-sv:
      - localhost
      ratelimit-limit:
      - '2000'
      ratelimit-observed:
      - '36'
      ratelimit-remaining:
      - '1964'
      ratelimit-reset:
      - '1702275977'
      ratelimit-resettime:
      - Mon, 11 Dec 2023 06:26:17 GMT
      referrer-policy:
      - strict-origin-when-cross-origin
      strict-transport-security:
      - max-age=31536000
      vary:
      - Origin
      x-content-type-options:
      - nosniff
      x-frame-options:
      - SAMEORIGIN
      x-gitlab-meta:
      - '{"correlation_id":"90ef83ef97ba7f4b43933999c32c77be","version":"1"}'
      x-request-id:
      - 90ef83ef97ba7f4b43933999c32c77be
      x-runtime:
      - '0.407863'
    status:
      code: 201
      message: Created
- request:
    body: body=%0AThis+is+the+second+comment+under+the+third+test+issue%0A%0A_This+comment+was+originally+created+%5Bhere%5D%28https%3A%2F%2Fpagure.io%2Fprotop2g-test-srce%2Fissue%2F3%23comment-885230%29+by+%5B%2A%2AAkashdeep+Dhar%2A%2A%5D%28https%3A%2F%2Fpagure.io%2Fuser%2Ft0xic0der%29+under%0A%5Bthis%5D%28https%3A%2F%2Fpagure.io%2Fprotop2g-test-srce%2Fissue%2F3%29+issue+ticket+on+a+Pagure+repository%2C+%5B%2A%2Aprotop2g-test-srce%2A%2A%5D%28https%3A%2F%2Fpagure.io%2Fprotop2g-test-srce%29+on%0A%5B%2A%2ATue+Nov+21+08%3A04%3A52+2023%2A%2A+UTC%5D%28https%3A%2F%2Fsavvytime.com%2Fconverter%2Futc%2Fnov-21-2023%2F08-04%29._%0A%0A_This+comment+was+automatically+created+by+the%0A%5B%2A%2APagure+Exporter%2A%2A%5D%28https%3A%2F%2Fgithub.com%2Fgridhead%2Fpagure-exporter%29._%0A
    headers:
      Accept:
      - '*/*'
      Accept-Encoding:
      - gzip, deflate
      Connection:
      - keep-alive
      Content-Length:
      - '767'
      Content-Type:
      - application/x-www-form-urlencoded
      User-Agent:
      - python-requests/2.31.0
    method: POST
    uri: https://gitlab.com/api/v4/projects/42823949/issues/6102/notes
  response:
    body:
      string: '{"id":1687901783,"type":null,"body":"\nThis is the second comment under
        the third test issue\n\n_This comment was originally created [here](https://pagure.io/protop2g-test-srce/issue/3#comment-885230)
        by [**Akashdeep Dhar**](https://pagure.io/user/t0xic0der) under\n[this](https://pagure.io/protop2g-test-srce/issue/3)
        issue ticket on a Pagure repository, [**protop2g-test-srce**](https://pagure.io/protop2g-test-srce)
        on\n[**Tue Nov 21 08:04:52 2023** UTC](https://savvytime.com/converter/utc/nov-21-2023/08-04)._\n\n_This
        comment was automatically created by the\n[**Pagure Exporter**](https://github.com/gridhead/pagure-exporter)._","attachment":null,"author":{"id":18339343,"username":"project_42823949_bot_992e5e9e997a7b44822ff32a4c634472","name":"****","state":"active","locked":false,"avatar_url":"https://secure.gravatar.com/avatar/1b6289f6c729f1ba694aa2bc296a7277?s=80\u0026d=identicon","web_url":"https://gitlab.com/project_42823949_bot_992e5e9e997a7b44822ff32a4c634472"},"created_at":"2023-12-11T06:25:17.881Z","updated_at":"2023-12-11T06:25:17.881Z","system":false,"noteable_id":139467145,"noteable_type":"Issue","project_id":42823949,"resolvable":false,"confidential":false,"internal":false,"noteable_iid":6102,"commands_changes":{}}'
    headers:
      CF-Cache-Status:
      - DYNAMIC
      CF-RAY:
      - 833ba6439f92f390-BOM
      Connection:
      - keep-alive
      Content-Length:
      - '1246'
      Content-Type:
      - application/json
      Date:
      - Mon, 11 Dec 2023 06:25:18 GMT
      NEL:
      - '{"success_fraction":0.01,"report_to":"cf-nel","max_age":604800}'
      Report-To:
      - '{"endpoints":[{"url":"https:\/\/a.nel.cloudflare.com\/report\/v3?s=%2FzJD4X7n2CxTSlajsj3Bg2l1OwXgWgEybmPxFi%2F88IeJlJ3%2BFN1gv6jf0mvH0NOqK8%2FZpTVLbdm0vEGGdJtsjT1BaxaQH%2Br4gvXqgTg6xbzs2WA0lYHx1gowjLQ%3D"}],"group":"cf-nel","max_age":604800}'
      Server:
      - cloudflare
      Set-Cookie: ''
      cache-control:
      - max-age=0, private, must-revalidate
      content-security-policy:
      - default-src 'none'
      etag:
      - W/"37d0856365020aa46da97a71ef696fc1"
      gitlab-lb:
      - haproxy-main-20-lb-gprd
      gitlab-sv:
      - localhost
      ratelimit-limit:
      - '2000'
      ratelimit-observed:
      - '37'
      ratelimit-remaining:
      - '1963'
      ratelimit-reset:
      - '1702275978'
      ratelimit-resettime:
      - Mon, 11 Dec 2023 06:26:18 GMT
      referrer-policy:
      - strict-origin-when-cross-origin
      strict-transport-security:
      - max-age=31536000
      vary:
      - Origin
      x-content-type-options:
      - nosniff
      x-frame-options:
      - SAMEORIGIN
      x-gitlab-meta:
      - '{"correlation_id":"7a8804c9cd05dc351995d9c50456b835","version":"1"}'
      x-request-id:
      - 7a8804c9cd05dc351995d9c50456b835
      x-runtime:
      - '0.578037'
    status:
      code: 201
      message: Created
- request:
    body: title=%5BSN%232%5D+This+is+the+title+of+the+second+test+issue&description=%0AThis+is+the+body+of+the+second+test+issue%0A%0A_This+issue+ticket+was+originally+created+%5Bhere%5D%28https%3A%2F%2Fpagure.io%2Fprotop2g-test-srce%2Fissue%2F2%29+on+a+Pagure+repository%2C%0A%5B%2A%2Aprotop2g-test-srce%2A%2A%5D%28https%3A%2F%2Fpagure.io%2Fprotop2g-test-srce%29+by+%5B%2A%2AAkashdeep+Dhar%2A%2A%5D%28https%3A%2F%2Fpagure.io%2Fuser%2Ft0xic0der%29+on%0A%5B%2A%2AFri+Oct+13+04%3A01%3A16+2023%2A%2A+UTC%5D%28https%3A%2F%2Fsavvytime.com%2Fconverter%2Futc%2Foct-13-2023%2F04-01%29._%0A%0A_This+issue+ticket+was+automatically+created+by+the%0A%5B%2A%2APagure+Exporter%2A%2A%5D%28https%3A%2F%2Fgithub.com%2Fgridhead%2Fpagure-exporter%29._%0A
    headers:
      Accept:
      - '*/*'
      Accept-Encoding:
      - gzip, deflate
      Connection:
      - keep-alive
      Content-Length:
      - '725'
      Content-Type:
      - application/x-www-form-urlencoded
      User-Agent:
      - python-requests/2.31.0
    method: POST
    uri: https://gitlab.com/api/v4/projects/42823949/issues
  response:
    body:
      string: '{"id":139467146,"iid":6103,"project_id":42823949,"title":"[SN#2] This
        is the title of the second test issue","description":"\nThis is the body of
        the second test issue\n\n_This issue ticket was originally created [here](https://pagure.io/protop2g-test-srce/issue/2)
        on a Pagure repository,\n[**protop2g-test-srce**](https://pagure.io/protop2g-test-srce)
        by [**Akashdeep Dhar**](https://pagure.io/user/t0xic0der) on\n[**Fri Oct 13
        04:01:16 2023** UTC](https://savvytime.com/converter/utc/oct-13-2023/04-01)._\n\n_This
        issue ticket was automatically created by the\n[**Pagure Exporter**](https://github.com/gridhead/pagure-exporter)._","state":"opened","created_at":"2023-12-11T06:25:18.742Z","updated_at":"2023-12-11T06:25:18.742Z","closed_at":null,"closed_by":null,"labels":[],"milestone":null,"assignees":[],"author":{"id":18339343,"username":"project_42823949_bot_992e5e9e997a7b44822ff32a4c634472","name":"protop2g-test","state":"active","locked":false,"avatar_url":"https://secure.gravatar.com/avatar/1b6289f6c729f1ba694aa2bc296a7277?s=80\u0026d=identicon","web_url":"https://gitlab.com/project_42823949_bot_992e5e9e997a7b44822ff32a4c634472"},"type":"ISSUE","assignee":null,"user_notes_count":0,"merge_requests_count":0,"upvotes":0,"downvotes":0,"due_date":null,"confidential":false,"discussion_locked":null,"issue_type":"issue","web_url":"https://gitlab.com/gridhead/protop2g-test/-/issues/6103","time_stats":{"time_estimate":0,"total_time_spent":0,"human_time_estimate":null,"human_total_time_spent":null},"task_completion_status":{"count":0,"completed_count":0},"blocking_issues_count":0,"has_tasks":true,"task_status":"0
        of 0 checklist items completed","_links":{"self":"https://gitlab.com/api/v4/projects/42823949/issues/6103","notes":"https://gitlab.com/api/v4/projects/42823949/issues/6103/notes","award_emoji":"https://gitlab.com/api/v4/projects/42823949/issues/6103/award_emoji","project":"https://gitlab.com/api/v4/projects/42823949","closed_as_duplicate_of":null},"references":{"short":"#6103","relative":"#6103","full":"gridhead/protop2g-test#6103"},"severity":"UNKNOWN","subscribed":true,"moved_to_id":null,"service_desk_reply_to":null}'
    headers:
      CF-Cache-Status:
      - DYNAMIC
      CF-RAY:
      - 833ba6495cb83226-BOM
      Connection:
      - keep-alive
      Content-Length:
      - '2152'
      Content-Type:
      - application/json
      Date:
      - Mon, 11 Dec 2023 06:25:19 GMT
      NEL:
      - '{"success_fraction":0.01,"report_to":"cf-nel","max_age":604800}'
      Report-To:
      - '{"endpoints":[{"url":"https:\/\/a.nel.cloudflare.com\/report\/v3?s=1Fw7kQbouogiXlfEJKGB%2FPG8oCNjwa0i%2FzbbZ08Kv9zwag%2BpdlSV%2BIfu53%2BPVSP66gBLg38rK%2BU29eTEjl1aUeQdMyKQCkjUFJB%2BcIZeTuQwbp%2BQHhI2WsBy9Rg%3D"}],"group":"cf-nel","max_age":604800}'
      Server:
      - cloudflare
      Set-Cookie: ''
      cache-control:
      - max-age=0, private, must-revalidate
      content-security-policy:
      - default-src 'none'
      etag:
      - W/"208f8b3780d916b3732172a1b15a3e3d"
      gitlab-lb:
      - haproxy-main-49-lb-gprd
      gitlab-sv:
      - localhost
      ratelimit-limit:
      - '2000'
      ratelimit-observed:
      - '37'
      ratelimit-remaining:
      - '1963'
      ratelimit-reset:
      - '1702275978'
      ratelimit-resettime:
      - Mon, 11 Dec 2023 06:26:18 GMT
      referrer-policy:
      - strict-origin-when-cross-origin
      strict-transport-security:
      - max-age=31536000
      vary:
      - Origin
      x-content-type-options:
      - nosniff
      x-frame-options:
      - SAMEORIGIN
      x-gitlab-meta:
      - '{"correlation_id":"010ceb02c344a6b9bbb45f340368132a","version":"1"}'
      x-request-id:
      - 010ceb02c344a6b9bbb45f340368132a
      x-runtime:
      - '0.539222'
    status:
      code: 201
      message: Created
- request:
    body: body=%0A%2A%2AMetadata+Update+from+%26t0xic0der%2A%2A%3A%0A-+Issue+tagged+with%3A+cccc%2C+dddd%0A%0A_This+comment+was+originally+created+%5Bhere%5D%28https%3A%2F%2Fpagure.io%2Fprotop2g-test-srce%2Fissue%2F2%23comment-878472%29+by+%5B%2A%2AAkashdeep+Dhar%2A%2A%5D%28https%3A%2F%2Fpagure.io%2Fuser%2Ft0xic0der%29+under%0A%5Bthis%5D%28https%3A%2F%2Fpagure.io%2Fprotop2g-test-srce%2Fissue%2F2%29+issue+ticket+on+a+Pagure+repository%2C+%5B%2A%2Aprotop2g-test-srce%2A%2A%5D%28https%3A%2F%2Fpagure.io%2Fprotop2g-test-srce%29+on%0A%5B%2A%2AFri+Oct+13+04%3A03%3A30+2023%2A%2A+UTC%5D%28https%3A%2F%2Fsavvytime.com%2Fconverter%2Futc%2Foct-13-2023%2F04-03%29._%0A%0A_This+comment+was+automatically+created+by+the%0A%5B%2A%2APagure+Exporter%2A%2A%5D%28https%3A%2F%2Fgithub.com%2Fgridhead%2Fpagure-exporter%29._%0A
    headers:
      Accept:
      - '*/*'
      Accept-Encoding:
      - gzip, deflate
      Connection:
      - keep-alive
      Content-Length:
      - '800'
      Content-Type:
      - application/x-www-form-urlencoded
      User-Agent:
      - python-requests/2.31.0
    method: POST
    uri: https://gitlab.com/api/v4/projects/42823949/issues/6103/notes
  response:
    body:
      string: '{"id":1687901797,"type":null,"body":"\n**Metadata Update from \u0026t0xic0der**:\n-
        Issue tagged with: cccc, dddd\n\n_This comment was originally created [here](https://pagure.io/protop2g-test-srce/issue/2#comment-878472)
        by [**Akashdeep Dhar**](https://pagure.io/user/t0xic0der) under\n[this](https://pagure.io/protop2g-test-srce/issue/2)
        issue ticket on a Pagure repository, [**protop2g-test-srce**](https://pagure.io/protop2g-test-srce)
        on\n[**Fri Oct 13 04:03:30 2023** UTC](https://savvytime.com/converter/utc/oct-13-2023/04-03)._\n\n_This
        comment was automatically created by the\n[**Pagure Exporter**](https://github.com/gridhead/pagure-exporter)._","attachment":null,"author":{"id":18339343,"username":"project_42823949_bot_992e5e9e997a7b44822ff32a4c634472","name":"****","state":"active","locked":false,"avatar_url":"https://secure.gravatar.com/avatar/1b6289f6c729f1ba694aa2bc296a7277?s=80\u0026d=identicon","web_url":"https://gitlab.com/project_42823949_bot_992e5e9e997a7b44822ff32a4c634472"},"created_at":"2023-12-11T06:25:19.653Z","updated_at":"2023-12-11T06:25:19.653Z","system":false,"noteable_id":139467146,"noteable_type":"Issue","project_id":42823949,"resolvable":false,"confidential":false,"internal":false,"noteable_iid":6103,"commands_changes":{}}'
    headers:
      CF-Cache-Status:
      - DYNAMIC
      CF-RAY:
      - 833ba64f2e216ec8-BOM
      Connection:
      - keep-alive
      Content-Length:
      - '1267'
      Content-Type:
      - application/json
      Date:
      - Mon, 11 Dec 2023 06:25:20 GMT
      NEL:
      - '{"success_fraction":0.01,"report_to":"cf-nel","max_age":604800}'
      Report-To:
      - '{"endpoints":[{"url":"https:\/\/a.nel.cloudflare.com\/report\/v3?s=0km4LNsPjseZ9%2FMzqRpwhrrbnWoGtOSx3n6%2BGDC3qD%2BI%2FnE46FIgBfHiHEKAEYW%2BiJB9K%2BLdgGPrvzrfrvpDWRsm6DY4OR%2B5OXW8RNLQZ%2F87G%2FStDGT9B62en4M%3D"}],"group":"cf-nel","max_age":604800}'
      Server:
      - cloudflare
      Set-Cookie: ''
      cache-control:
      - max-age=0, private, must-revalidate
      content-security-policy:
      - default-src 'none'
      etag:
      - W/"23faf8527e46acae3faf5225033b1adc"
      gitlab-lb:
      - haproxy-main-37-lb-gprd
      gitlab-sv:
      - localhost
      ratelimit-limit:
      - '2000'
      ratelimit-observed:
      - '37'
      ratelimit-remaining:
      - '1962'
      ratelimit-reset:
      - '1702275980'
      ratelimit-resettime:
      - Mon, 11 Dec 2023 06:26:20 GMT
      referrer-policy:
      - strict-origin-when-cross-origin
      strict-transport-security:
      - max-age=31536000
      vary:
      - Origin
      x-content-type-options:
      - nosniff
      x-frame-options:
      - SAMEORIGIN
      x-gitlab-meta:
      - '{"correlation_id":"e00646d18481abc2927847a19e1eb1fd","version":"1"}'
      x-request-id:
      - e00646d18481abc2927847a19e1eb1fd
      x-runtime:
      - '0.692083'
    status:
      code: 201
      message: Created
- request:
    body: body=%0AThe+is+the+first+comment+under+the+second+test+issue%0A%0A_This+comment+was+originally+created+%5Bhere%5D%28https%3A%2F%2Fpagure.io%2Fprotop2g-test-srce%2Fissue%2F2%23comment-878475%29+by+%5B%2A%2AAkashdeep+Dhar%2A%2A%5D%28https%3A%2F%2Fpagure.io%2Fuser%2Ft0xic0der%29+under%0A%5Bthis%5D%28https%3A%2F%2Fpagure.io%2Fprotop2g-test-srce%2Fissue%2F2%29+issue+ticket+on+a+Pagure+repository%2C+%5B%2A%2Aprotop2g-test-srce%2A%2A%5D%28https%3A%2F%2Fpagure.io%2Fprotop2g-test-srce%29+on%0A%5B%2A%2AFri+Oct+13+04%3A06%3A04+2023%2A%2A+UTC%5D%28https%3A%2F%2Fsavvytime.com%2Fconverter%2Futc%2Foct-13-2023%2F04-06%29._%0A%0A_This+comment+was+automatically+created+by+the%0A%5B%2A%2APagure+Exporter%2A%2A%5D%28https%3A%2F%2Fgithub.com%2Fgridhead%2Fpagure-exporter%29._%0A
    headers:
      Accept:
      - '*/*'
      Accept-Encoding:
      - gzip, deflate
      Connection:
      - keep-alive
      Content-Length:
      - '766'
      Content-Type:
      - application/x-www-form-urlencoded
      User-Agent:
      - python-requests/2.31.0
    method: POST
    uri: https://gitlab.com/api/v4/projects/42823949/issues/6103/notes
  response:
    body:
      string: '{"id":1687901807,"type":null,"body":"\nThe is the first comment under
        the second test issue\n\n_This comment was originally created [here](https://pagure.io/protop2g-test-srce/issue/2#comment-878475)
        by [**Akashdeep Dhar**](https://pagure.io/user/t0xic0der) under\n[this](https://pagure.io/protop2g-test-srce/issue/2)
        issue ticket on a Pagure repository, [**protop2g-test-srce**](https://pagure.io/protop2g-test-srce)
        on\n[**Fri Oct 13 04:06:04 2023** UTC](https://savvytime.com/converter/utc/oct-13-2023/04-06)._\n\n_This
        comment was automatically created by the\n[**Pagure Exporter**](https://github.com/gridhead/pagure-exporter)._","attachment":null,"author":{"id":18339343,"username":"project_42823949_bot_992e5e9e997a7b44822ff32a4c634472","name":"****","state":"active","locked":false,"avatar_url":"https://secure.gravatar.com/avatar/1b6289f6c729f1ba694aa2bc296a7277?s=80\u0026d=identicon","web_url":"https://gitlab.com/project_42823949_bot_992e5e9e997a7b44822ff32a4c634472"},"created_at":"2023-12-11T06:25:20.804Z","updated_at":"2023-12-11T06:25:20.804Z","system":false,"noteable_id":139467146,"noteable_type":"Issue","project_id":42823949,"resolvable":false,"confidential":false,"internal":false,"noteable_iid":6103,"commands_changes":{}}'
    headers:
      CF-Cache-Status:
      - DYNAMIC
      CF-RAY:
      - 833ba6563b8af4c6-BOM
      Connection:
      - keep-alive
      Content-Length:
      - '1245'
      Content-Type:
      - application/json
      Date:
      - Mon, 11 Dec 2023 06:25:21 GMT
      NEL:
      - '{"success_fraction":0.01,"report_to":"cf-nel","max_age":604800}'
      Report-To:
      - '{"endpoints":[{"url":"https:\/\/a.nel.cloudflare.com\/report\/v3?s=Uozc%2Fg4N0e8Afp50%2BuWvItmCbd%2Fs4DOaMZcRJRAWdqsmDISQfZj%2Bm4yr2cKPDT5GJaPgtr%2FCazUpCmeNeEv0c9R5WLDtkQQXIAeEXeOcYF6SJN35%2F9mWoSjNcsE%3D"}],"group":"cf-nel","max_age":604800}'
      Server:
      - cloudflare
      Set-Cookie: ''
      cache-control:
      - max-age=0, private, must-revalidate
      content-security-policy:
      - default-src 'none'
      etag:
      - W/"39ec96263b07edd4f0c4e9c705dad3ca"
      gitlab-lb:
      - haproxy-main-56-lb-gprd
      gitlab-sv:
      - localhost
      ratelimit-limit:
      - '2000'
      ratelimit-observed:
      - '38'
      ratelimit-remaining:
      - '1962'
      ratelimit-reset:
      - '1702275981'
      ratelimit-resettime:
      - Mon, 11 Dec 2023 06:26:21 GMT
      referrer-policy:
      - strict-origin-when-cross-origin
      strict-transport-security:
      - max-age=31536000
      vary:
      - Origin
      x-content-type-options:
      - nosniff
      x-frame-options:
      - SAMEORIGIN
      x-gitlab-meta:
      - '{"correlation_id":"c574720451ae3aee32201d4b6f63e84b","version":"1"}'
      x-request-id:
      - c574720451ae3aee32201d4b6f63e84b
      x-runtime:
      - '0.729033'
    status:
      code: 201
      message: Created
- request:
    body: body=%0AThe+is+the+second+comment+under+the+second+test+issue%0A%0A_This+comment+was+originally+created+%5Bhere%5D%28https%3A%2F%2Fpagure.io%2Fprotop2g-test-srce%2Fissue%2F2%23comment-878476%29+by+%5B%2A%2AAkashdeep+Dhar%2A%2A%5D%28https%3A%2F%2Fpagure.io%2Fuser%2Ft0xic0der%29+under%0A%5Bthis%5D%28https%3A%2F%2Fpagure.io%2Fprotop2g-test-srce%2Fissue%2F2%29+issue+ticket+on+a+Pagure+repository%2C+%5B%2A%2Aprotop2g-test-srce%2A%2A%5D%28https%3A%2F%2Fpagure.io%2Fprotop2g-test-srce%29+on%0A%5B%2A%2AFri+Oct+13+04%3A06%3A16+2023%2A%2A+UTC%5D%28https%3A%2F%2Fsavvytime.com%2Fconverter%2Futc%2Foct-13-2023%2F04-06%29._%0A%0A_This+comment+was+automatically+created+by+the%0A%5B%2A%2APagure+Exporter%2A%2A%5D%28https%3A%2F%2Fgithub.com%2Fgridhead%2Fpagure-exporter%29._%0A
    headers:
      Accept:
      - '*/*'
      Accept-Encoding:
      - gzip, deflate
      Connection:
      - keep-alive
      Content-Length:
      - '767'
      Content-Type:
      - application/x-www-form-urlencoded
      User-Agent:
      - python-requests/2.31.0
    method: POST
    uri: https://gitlab.com/api/v4/projects/42823949/issues/6103/notes
  response:
    body:
      string: '{"id":1687901820,"type":null,"body":"\nThe is the second comment under
        the second test issue\n\n_This comment was originally created [here](https://pagure.io/protop2g-test-srce/issue/2#comment-878476)
        by [**Akashdeep Dhar**](https://pagure.io/user/t0xic0der) under\n[this](https://pagure.io/protop2g-test-srce/issue/2)
        issue ticket on a Pagure repository, [**protop2g-test-srce**](https://pagure.io/protop2g-test-srce)
        on\n[**Fri Oct 13 04:06:16 2023** UTC](https://savvytime.com/converter/utc/oct-13-2023/04-06)._\n\n_This
        comment was automatically created by the\n[**Pagure Exporter**](https://github.com/gridhead/pagure-exporter)._","attachment":null,"author":{"id":18339343,"username":"project_42823949_bot_992e5e9e997a7b44822ff32a4c634472","name":"****","state":"active","locked":false,"avatar_url":"https://secure.gravatar.com/avatar/1b6289f6c729f1ba694aa2bc296a7277?s=80\u0026d=identicon","web_url":"https://gitlab.com/project_42823949_bot_992e5e9e997a7b44822ff32a4c634472"},"created_at":"2023-12-11T06:25:21.941Z","updated_at":"2023-12-11T06:25:21.941Z","system":false,"noteable_id":139467146,"noteable_type":"Issue","project_id":42823949,"resolvable":false,"confidential":false,"internal":false,"noteable_iid":6103,"commands_changes":{}}'
    headers:
      CF-Cache-Status:
      - DYNAMIC
      CF-RAY:
      - 833ba65d3d082e59-BOM
      Connection:
      - keep-alive
      Content-Length:
      - '1246'
      Content-Type:
      - application/json
      Date:
      - Mon, 11 Dec 2023 06:25:22 GMT
      NEL:
      - '{"success_fraction":0.01,"report_to":"cf-nel","max_age":604800}'
      Report-To:
      - '{"endpoints":[{"url":"https:\/\/a.nel.cloudflare.com\/report\/v3?s=Hzl%2B3w4dev04ps6hgSY3EQEymVU3ENnBk0EckwAJSjSJL7hBPCZKX5A0ZvNWp68nHfsDS79LWG7MoUX0qW8j1CZCdanPnZjQyFTy35SWyo46y6%2B0NH3YiUwhsYU%3D"}],"group":"cf-nel","max_age":604800}'
      Server:
      - cloudflare
      Set-Cookie: ''
      cache-control:
      - max-age=0, private, must-revalidate
      content-security-policy:
      - default-src 'none'
      etag:
      - W/"b0b1b92ac6e769938890105e9710a9f5"
      gitlab-lb:
      - haproxy-main-20-lb-gprd
      gitlab-sv:
      - localhost
      ratelimit-limit:
      - '2000'
      ratelimit-observed:
      - '38'
      ratelimit-remaining:
      - '1961'
      ratelimit-reset:
      - '1702275982'
      ratelimit-resettime:
      - Mon, 11 Dec 2023 06:26:22 GMT
      referrer-policy:
      - strict-origin-when-cross-origin
      strict-transport-security:
      - max-age=31536000
      vary:
      - Origin
      x-content-type-options:
      - nosniff
      x-frame-options:
      - SAMEORIGIN
      x-gitlab-meta:
      - '{"correlation_id":"ce4bcac30af55f899eae63f29434893f","version":"1"}'
      x-request-id:
      - ce4bcac30af55f899eae63f29434893f
      x-runtime:
      - '0.416219'
    status:
      code: 201
      message: Created
- request:
    body: body=%0A%2A%2AMetadata+Update+from+%26t0xic0der%2A%2A%3A%0A-+Issue+status+updated+to%3A+Closed+%28was%3A+Open%29%0A%0A_This+comment+was+originally+created+%5Bhere%5D%28https%3A%2F%2Fpagure.io%2Fprotop2g-test-srce%2Fissue%2F2%23comment-878477%29+by+%5B%2A%2AAkashdeep+Dhar%2A%2A%5D%28https%3A%2F%2Fpagure.io%2Fuser%2Ft0xic0der%29+under%0A%5Bthis%5D%28https%3A%2F%2Fpagure.io%2Fprotop2g-test-srce%2Fissue%2F2%29+issue+ticket+on+a+Pagure+repository%2C+%5B%2A%2Aprotop2g-test-srce%2A%2A%5D%28https%3A%2F%2Fpagure.io%2Fprotop2g-test-srce%29+on%0A%5B%2A%2AFri+Oct+13+04%3A07%3A12+2023%2A%2A+UTC%5D%28https%3A%2F%2Fsavvytime.com%2Fconverter%2Futc%2Foct-13-2023%2F04-07%29._%0A%0A_This+comment+was+automatically+created+by+the%0A%5B%2A%2APagure+Exporter%2A%2A%5D%28https%3A%2F%2Fgithub.com%2Fgridhead%2Fpagure-exporter%29._%0A
    headers:
      Accept:
      - '*/*'
      Accept-Encoding:
      - gzip, deflate
      Connection:
      - keep-alive
      Content-Length:
      - '818'
      Content-Type:
      - application/x-www-form-urlencoded
      User-Agent:
      - python-requests/2.31.0
    method: POST
    uri: https://gitlab.com/api/v4/projects/42823949/issues/6103/notes
  response:
    body:
      string: '{"id":1687901831,"type":null,"body":"\n**Metadata Update from \u0026t0xic0der**:\n-
        Issue status updated to: Closed (was: Open)\n\n_This comment was originally
        created [here](https://pagure.io/protop2g-test-srce/issue/2#comment-878477)
        by [**Akashdeep Dhar**](https://pagure.io/user/t0xic0der) under\n[this](https://pagure.io/protop2g-test-srce/issue/2)
        issue ticket on a Pagure repository, [**protop2g-test-srce**](https://pagure.io/protop2g-test-srce)
        on\n[**Fri Oct 13 04:07:12 2023** UTC](https://savvytime.com/converter/utc/oct-13-2023/04-07)._\n\n_This
        comment was automatically created by the\n[**Pagure Exporter**](https://github.com/gridhead/pagure-exporter)._","attachment":null,"author":{"id":18339343,"username":"project_42823949_bot_992e5e9e997a7b44822ff32a4c634472","name":"****","state":"active","locked":false,"avatar_url":"https://secure.gravatar.com/avatar/1b6289f6c729f1ba694aa2bc296a7277?s=80\u0026d=identicon","web_url":"https://gitlab.com/project_42823949_bot_992e5e9e997a7b44822ff32a4c634472"},"created_at":"2023-12-11T06:25:22.784Z","updated_at":"2023-12-11T06:25:22.784Z","system":false,"noteable_id":139467146,"noteable_type":"Issue","project_id":42823949,"resolvable":false,"confidential":false,"internal":false,"noteable_iid":6103,"commands_changes":{}}'
    headers:
      CF-Cache-Status:
      - DYNAMIC
      CF-RAY:
      - 833ba6626db6f45a-BOM
      Connection:
      - keep-alive
      Content-Length:
      - '1281'
      Content-Type:
      - application/json
      Date:
      - Mon, 11 Dec 2023 06:25:23 GMT
      NEL:
      - '{"success_fraction":0.01,"report_to":"cf-nel","max_age":604800}'
      Report-To:
      - '{"endpoints":[{"url":"https:\/\/a.nel.cloudflare.com\/report\/v3?s=v6IJMJLK0ydyS91TCBgs5N%2Bx12sadq0CrQkYF2VJ156AkfuU%2BPTC6wqwa30PMjv13Z6Y%2FoGYZb6R75KcLkoGObZo1gwtsjyNQzAMtWTvnqW3ef4nK2eSBYKB%2Fnw%3D"}],"group":"cf-nel","max_age":604800}'
      Server:
      - cloudflare
      Set-Cookie: ''
      cache-control:
      - max-age=0, private, must-revalidate
      content-security-policy:
      - default-src 'none'
      etag:
      - W/"ed0b3927c70bbd13faa2548d1e633696"
      gitlab-lb:
      - haproxy-main-01-lb-gprd
      gitlab-sv:
      - localhost
      ratelimit-limit:
      - '2000'
      ratelimit-observed:
      - '40'
      ratelimit-remaining:
      - '1960'
      ratelimit-reset:
      - '1702275982'
      ratelimit-resettime:
      - Mon, 11 Dec 2023 06:26:22 GMT
      referrer-policy:
      - strict-origin-when-cross-origin
      strict-transport-security:
      - max-age=31536000
      vary:
      - Origin
      x-content-type-options:
      - nosniff
      x-frame-options:
      - SAMEORIGIN
      x-gitlab-meta:
      - '{"correlation_id":"1be8344910f0fbe46a1893d59775a025","version":"1"}'
      x-request-id:
      - 1be8344910f0fbe46a1893d59775a025
      x-runtime:
      - '0.482926'
    status:
      code: 201
      message: Created
- request:
    body: title=%5BSN%231%5D+This+is+the+title+of+the+first+test+issue&description=%0AThis+is+the+body+of+the+first+test+issue%0A%0A_This+issue+ticket+was+originally+created+%5Bhere%5D%28https%3A%2F%2Fpagure.io%2Fprotop2g-test-srce%2Fissue%2F1%29+on+a+Pagure+repository%2C%0A%5B%2A%2Aprotop2g-test-srce%2A%2A%5D%28https%3A%2F%2Fpagure.io%2Fprotop2g-test-srce%29+by+%5B%2A%2AAkashdeep+Dhar%2A%2A%5D%28https%3A%2F%2Fpagure.io%2Fuser%2Ft0xic0der%29+on%0A%5B%2A%2AFri+Oct+13+03%3A57%3A42+2023%2A%2A+UTC%5D%28https%3A%2F%2Fsavvytime.com%2Fconverter%2Futc%2Foct-13-2023%2F03-57%29._%0A%0A_This+issue+ticket+was+automatically+created+by+the%0A%5B%2A%2APagure+Exporter%2A%2A%5D%28https%3A%2F%2Fgithub.com%2Fgridhead%2Fpagure-exporter%29._%0A
    headers:
      Accept:
      - '*/*'
      Accept-Encoding:
      - gzip, deflate
      Connection:
      - keep-alive
      Content-Length:
      - '723'
      Content-Type:
      - application/x-www-form-urlencoded
      User-Agent:
      - python-requests/2.31.0
    method: POST
    uri: https://gitlab.com/api/v4/projects/42823949/issues
  response:
    body:
      string: '{"id":139467149,"iid":6104,"project_id":42823949,"title":"[SN#1] This
        is the title of the first test issue","description":"\nThis is the body of
        the first test issue\n\n_This issue ticket was originally created [here](https://pagure.io/protop2g-test-srce/issue/1)
        on a Pagure repository,\n[**protop2g-test-srce**](https://pagure.io/protop2g-test-srce)
        by [**Akashdeep Dhar**](https://pagure.io/user/t0xic0der) on\n[**Fri Oct 13
        03:57:42 2023** UTC](https://savvytime.com/converter/utc/oct-13-2023/03-57)._\n\n_This
        issue ticket was automatically created by the\n[**Pagure Exporter**](https://github.com/gridhead/pagure-exporter)._","state":"opened","created_at":"2023-12-11T06:25:23.798Z","updated_at":"2023-12-11T06:25:23.798Z","closed_at":null,"closed_by":null,"labels":[],"milestone":null,"assignees":[],"author":{"id":18339343,"username":"project_42823949_bot_992e5e9e997a7b44822ff32a4c634472","name":"protop2g-test","state":"active","locked":false,"avatar_url":"https://secure.gravatar.com/avatar/1b6289f6c729f1ba694aa2bc296a7277?s=80\u0026d=identicon","web_url":"https://gitlab.com/project_42823949_bot_992e5e9e997a7b44822ff32a4c634472"},"type":"ISSUE","assignee":null,"user_notes_count":0,"merge_requests_count":0,"upvotes":0,"downvotes":0,"due_date":null,"confidential":false,"discussion_locked":null,"issue_type":"issue","web_url":"https://gitlab.com/gridhead/protop2g-test/-/issues/6104","time_stats":{"time_estimate":0,"total_time_spent":0,"human_time_estimate":null,"human_total_time_spent":null},"task_completion_status":{"count":0,"completed_count":0},"blocking_issues_count":0,"has_tasks":true,"task_status":"0
        of 0 checklist items completed","_links":{"self":"https://gitlab.com/api/v4/projects/42823949/issues/6104","notes":"https://gitlab.com/api/v4/projects/42823949/issues/6104/notes","award_emoji":"https://gitlab.com/api/v4/projects/42823949/issues/6104/award_emoji","project":"https://gitlab.com/api/v4/projects/42823949","closed_as_duplicate_of":null},"references":{"short":"#6104","relative":"#6104","full":"gridhead/protop2g-test#6104"},"severity":"UNKNOWN","subscribed":true,"moved_to_id":null,"service_desk_reply_to":null}'
    headers:
      CF-Cache-Status:
      - DYNAMIC
      CF-RAY:
      - 833ba66829d5f425-BOM
      Connection:
      - keep-alive
      Content-Length:
      - '2150'
      Content-Type:
      - application/json
      Date:
      - Mon, 11 Dec 2023 06:25:24 GMT
      NEL:
      - '{"success_fraction":0.01,"report_to":"cf-nel","max_age":604800}'
      Report-To:
      - '{"endpoints":[{"url":"https:\/\/a.nel.cloudflare.com\/report\/v3?s=dLVw%2B37PImJodS9jaWLPN4%2BNouv50%2BQ3DtVHc%2FPKLoBXKTU4z0Bc7%2FEScRuxTXmHF7VY6RorkNCMjjkN3dt5C4%2FJn5l4NrOw1qZJD23UowT6t%2B5ZpN1U%2BYID%2Bi0%3D"}],"group":"cf-nel","max_age":604800}'
      Server:
      - cloudflare
      Set-Cookie: ''
      cache-control:
      - max-age=0, private, must-revalidate
      content-security-policy:
      - default-src 'none'
      etag:
      - W/"d2913da36d89671151ae81b64ec149df"
      gitlab-lb:
      - haproxy-main-56-lb-gprd
      gitlab-sv:
      - localhost
      ratelimit-limit:
      - '2000'
      ratelimit-observed:
      - '40'
      ratelimit-remaining:
      - '1959'
      ratelimit-reset:
      - '1702275984'
      ratelimit-resettime:
      - Mon, 11 Dec 2023 06:26:24 GMT
      referrer-policy:
      - strict-origin-when-cross-origin
      strict-transport-security:
      - max-age=31536000
      vary:
      - Origin
      x-content-type-options:
      - nosniff
      x-frame-options:
      - SAMEORIGIN
      x-gitlab-meta:
      - '{"correlation_id":"15fb607f0a18e7b8b60c0b996d29ab96","version":"1"}'
      x-request-id:
      - 15fb607f0a18e7b8b60c0b996d29ab96
      x-runtime:
      - '0.836761'
    status:
      code: 201
      message: Created
- request:
    body: body=%0A%2A%2AMetadata+Update+from+%26t0xic0der%2A%2A%3A%0A-+Issue+tagged+with%3A+aaaa%2C+bbbb%0A%0A_This+comment+was+originally+created+%5Bhere%5D%28https%3A%2F%2Fpagure.io%2Fprotop2g-test-srce%2Fissue%2F1%23comment-878471%29+by+%5B%2A%2AAkashdeep+Dhar%2A%2A%5D%28https%3A%2F%2Fpagure.io%2Fuser%2Ft0xic0der%29+under%0A%5Bthis%5D%28https%3A%2F%2Fpagure.io%2Fprotop2g-test-srce%2Fissue%2F1%29+issue+ticket+on+a+Pagure+repository%2C+%5B%2A%2Aprotop2g-test-srce%2A%2A%5D%28https%3A%2F%2Fpagure.io%2Fprotop2g-test-srce%29+on%0A%5B%2A%2AFri+Oct+13+04%3A01%3A39+2023%2A%2A+UTC%5D%28https%3A%2F%2Fsavvytime.com%2Fconverter%2Futc%2Foct-13-2023%2F04-01%29._%0A%0A_This+comment+was+automatically+created+by+the%0A%5B%2A%2APagure+Exporter%2A%2A%5D%28https%3A%2F%2Fgithub.com%2Fgridhead%2Fpagure-exporter%29._%0A
    headers:
      Accept:
      - '*/*'
      Accept-Encoding:
      - gzip, deflate
      Connection:
      - keep-alive
      Content-Length:
      - '800'
      Content-Type:
      - application/x-www-form-urlencoded
      User-Agent:
      - python-requests/2.31.0
    method: POST
    uri: https://gitlab.com/api/v4/projects/42823949/issues/6104/notes
  response:
    body:
      string: '{"id":1687901853,"type":null,"body":"\n**Metadata Update from \u0026t0xic0der**:\n-
        Issue tagged with: aaaa, bbbb\n\n_This comment was originally created [here](https://pagure.io/protop2g-test-srce/issue/1#comment-878471)
        by [**Akashdeep Dhar**](https://pagure.io/user/t0xic0der) under\n[this](https://pagure.io/protop2g-test-srce/issue/1)
        issue ticket on a Pagure repository, [**protop2g-test-srce**](https://pagure.io/protop2g-test-srce)
        on\n[**Fri Oct 13 04:01:39 2023** UTC](https://savvytime.com/converter/utc/oct-13-2023/04-01)._\n\n_This
        comment was automatically created by the\n[**Pagure Exporter**](https://github.com/gridhead/pagure-exporter)._","attachment":null,"author":{"id":18339343,"username":"project_42823949_bot_992e5e9e997a7b44822ff32a4c634472","name":"****","state":"active","locked":false,"avatar_url":"https://secure.gravatar.com/avatar/1b6289f6c729f1ba694aa2bc296a7277?s=80\u0026d=identicon","web_url":"https://gitlab.com/project_42823949_bot_992e5e9e997a7b44822ff32a4c634472"},"created_at":"2023-12-11T06:25:24.906Z","updated_at":"2023-12-11T06:25:24.906Z","system":false,"noteable_id":139467149,"noteable_type":"Issue","project_id":42823949,"resolvable":false,"confidential":false,"internal":false,"noteable_iid":6104,"commands_changes":{}}'
    headers:
      CF-Cache-Status:
      - DYNAMIC
      CF-RAY:
      - 833ba66fc9edf395-BOM
      Connection:
      - keep-alive
      Content-Length:
      - '1267'
      Content-Type:
      - application/json
      Date:
      - Mon, 11 Dec 2023 06:25:25 GMT
      NEL:
      - '{"success_fraction":0.01,"report_to":"cf-nel","max_age":604800}'
      Report-To:
      - '{"endpoints":[{"url":"https:\/\/a.nel.cloudflare.com\/report\/v3?s=UkitzXOPwfb9GFEg3aknU1uLGb0gaHGtT8xifrnhxc1vrb%2FXBi7tn1u68kmnFqKFZEHsi39KveoBauugL4hl1%2FaN%2Fx7jPptHXhilmuyICXuCrdPm7qLsCtJoRF8%3D"}],"group":"cf-nel","max_age":604800}'
      Server:
      - cloudflare
      Set-Cookie: ''
      cache-control:
      - max-age=0, private, must-revalidate
      content-security-policy:
      - default-src 'none'
      etag:
      - W/"8f902679e0f18a0fa527cc05f415f2e4"
      gitlab-lb:
      - haproxy-main-56-lb-gprd
      gitlab-sv:
      - localhost
      ratelimit-limit:
      - '2000'
      ratelimit-observed:
      - '41'
      ratelimit-remaining:
      - '1959'
      ratelimit-reset:
      - '1702275985'
      ratelimit-resettime:
      - Mon, 11 Dec 2023 06:26:25 GMT
      referrer-policy:
      - strict-origin-when-cross-origin
      strict-transport-security:
      - max-age=31536000
      vary:
      - Origin
      x-content-type-options:
      - nosniff
      x-frame-options:
      - SAMEORIGIN
      x-gitlab-meta:
      - '{"correlation_id":"b713c48d616beb011655708d50c15497","version":"1"}'
      x-request-id:
      - b713c48d616beb011655708d50c15497
      x-runtime:
      - '0.437369'
    status:
      code: 201
      message: Created
- request:
    body: body=%0AThis+is+the+first+comment+under+the+first+test+issue%0A%0A_This+comment+was+originally+created+%5Bhere%5D%28https%3A%2F%2Fpagure.io%2Fprotop2g-test-srce%2Fissue%2F1%23comment-878473%29+by+%5B%2A%2AAkashdeep+Dhar%2A%2A%5D%28https%3A%2F%2Fpagure.io%2Fuser%2Ft0xic0der%29+under%0A%5Bthis%5D%28https%3A%2F%2Fpagure.io%2Fprotop2g-test-srce%2Fissue%2F1%29+issue+ticket+on+a+Pagure+repository%2C+%5B%2A%2Aprotop2g-test-srce%2A%2A%5D%28https%3A%2F%2Fpagure.io%2Fprotop2g-test-srce%29+on%0A%5B%2A%2AFri+Oct+13+04%3A04%3A40+2023%2A%2A+UTC%5D%28https%3A%2F%2Fsavvytime.com%2Fconverter%2Futc%2Foct-13-2023%2F04-04%29._%0A%0A_This+comment+was+automatically+created+by+the%0A%5B%2A%2APagure+Exporter%2A%2A%5D%28https%3A%2F%2Fgithub.com%2Fgridhead%2Fpagure-exporter%29._%0A
    headers:
      Accept:
      - '*/*'
      Accept-Encoding:
      - gzip, deflate
      Connection:
      - keep-alive
      Content-Length:
      - '766'
      Content-Type:
      - application/x-www-form-urlencoded
      User-Agent:
      - python-requests/2.31.0
    method: POST
    uri: https://gitlab.com/api/v4/projects/42823949/issues/6104/notes
  response:
    body:
      string: '{"id":1687901864,"type":null,"body":"\nThis is the first comment under
        the first test issue\n\n_This comment was originally created [here](https://pagure.io/protop2g-test-srce/issue/1#comment-878473)
        by [**Akashdeep Dhar**](https://pagure.io/user/t0xic0der) under\n[this](https://pagure.io/protop2g-test-srce/issue/1)
        issue ticket on a Pagure repository, [**protop2g-test-srce**](https://pagure.io/protop2g-test-srce)
        on\n[**Fri Oct 13 04:04:40 2023** UTC](https://savvytime.com/converter/utc/oct-13-2023/04-04)._\n\n_This
        comment was automatically created by the\n[**Pagure Exporter**](https://github.com/gridhead/pagure-exporter)._","attachment":null,"author":{"id":18339343,"username":"project_42823949_bot_992e5e9e997a7b44822ff32a4c634472","name":"****","state":"active","locked":false,"avatar_url":"https://secure.gravatar.com/avatar/1b6289f6c729f1ba694aa2bc296a7277?s=80\u0026d=identicon","web_url":"https://gitlab.com/project_42823949_bot_992e5e9e997a7b44822ff32a4c634472"},"created_at":"2023-12-11T06:25:25.796Z","updated_at":"2023-12-11T06:25:25.796Z","system":false,"noteable_id":139467149,"noteable_type":"Issue","project_id":42823949,"resolvable":false,"confidential":false,"internal":false,"noteable_iid":6104,"commands_changes":{}}'
    headers:
      CF-Cache-Status:
      - DYNAMIC
      CF-RAY:
      - 833ba674e8d92dfc-BOM
      Connection:
      - keep-alive
      Content-Length:
      - '1245'
      Content-Type:
      - application/json
      Date:
      - Mon, 11 Dec 2023 06:25:26 GMT
      NEL:
      - '{"success_fraction":0.01,"report_to":"cf-nel","max_age":604800}'
      Report-To:
      - '{"endpoints":[{"url":"https:\/\/a.nel.cloudflare.com\/report\/v3?s=hXD%2BGnXtbcj4DGaQ8e2U7461sG1pCxxPgv5aLPpSAkLlILM%2BV5cMVftuWERvOPRnx%2FpIvwqXZY0S8MRDIjgjv7whk39AzFKUOMQfcFfNkCYJbsVmmkhlqh2gdGg%3D"}],"group":"cf-nel","max_age":604800}'
      Server:
      - cloudflare
      Set-Cookie: ''
      cache-control:
      - max-age=0, private, must-revalidate
      content-security-policy:
      - default-src 'none'
      etag:
      - W/"37158ec88ea107da12d097cbc51ad69e"
      gitlab-lb:
      - haproxy-main-05-lb-gprd
      gitlab-sv:
      - localhost
      ratelimit-limit:
      - '2000'
      ratelimit-observed:
      - '41'
      ratelimit-remaining:
      - '1959'
      ratelimit-reset:
      - '1702275986'
      ratelimit-resettime:
      - Mon, 11 Dec 2023 06:26:26 GMT
      referrer-policy:
      - strict-origin-when-cross-origin
      strict-transport-security:
      - max-age=31536000
      vary:
      - Origin
      x-content-type-options:
      - nosniff
      x-frame-options:
      - SAMEORIGIN
      x-gitlab-meta:
      - '{"correlation_id":"59f3debd4ccc765deb7718c42e5d16f1","version":"1"}'
      x-request-id:
      - 59f3debd4ccc765deb7718c42e5d16f1
      x-runtime:
      - '0.965239'
    status:
      code: 201
      message: Created
- request:
    body: body=%0AThis+is+the+second+comment+under+the+first+test+issue%0A%0A_This+comment+was+originally+created+%5Bhere%5D%28https%3A%2F%2Fpagure.io%2Fprotop2g-test-srce%2Fissue%2F1%23comment-878474%29+by+%5B%2A%2AAkashdeep+Dhar%2A%2A%5D%28https%3A%2F%2Fpagure.io%2Fuser%2Ft0xic0der%29+under%0A%5Bthis%5D%28https%3A%2F%2Fpagure.io%2Fprotop2g-test-srce%2Fissue%2F1%29+issue+ticket+on+a+Pagure+repository%2C+%5B%2A%2Aprotop2g-test-srce%2A%2A%5D%28https%3A%2F%2Fpagure.io%2Fprotop2g-test-srce%29+on%0A%5B%2A%2AFri+Oct+13+04%3A05%3A24+2023%2A%2A+UTC%5D%28https%3A%2F%2Fsavvytime.com%2Fconverter%2Futc%2Foct-13-2023%2F04-05%29._%0A%0A_This+comment+was+automatically+created+by+the%0A%5B%2A%2APagure+Exporter%2A%2A%5D%28https%3A%2F%2Fgithub.com%2Fgridhead%2Fpagure-exporter%29._%0A
    headers:
      Accept:
      - '*/*'
      Accept-Encoding:
      - gzip, deflate
      Connection:
      - keep-alive
      Content-Length:
      - '767'
      Content-Type:
      - application/x-www-form-urlencoded
      User-Agent:
      - python-requests/2.31.0
    method: POST
    uri: https://gitlab.com/api/v4/projects/42823949/issues/6104/notes
  response:
    body:
      string: '{"id":1687901885,"type":null,"body":"\nThis is the second comment under
        the first test issue\n\n_This comment was originally created [here](https://pagure.io/protop2g-test-srce/issue/1#comment-878474)
        by [**Akashdeep Dhar**](https://pagure.io/user/t0xic0der) under\n[this](https://pagure.io/protop2g-test-srce/issue/1)
        issue ticket on a Pagure repository, [**protop2g-test-srce**](https://pagure.io/protop2g-test-srce)
        on\n[**Fri Oct 13 04:05:24 2023** UTC](https://savvytime.com/converter/utc/oct-13-2023/04-05)._\n\n_This
        comment was automatically created by the\n[**Pagure Exporter**](https://github.com/gridhead/pagure-exporter)._","attachment":null,"author":{"id":18339343,"username":"project_42823949_bot_992e5e9e997a7b44822ff32a4c634472","name":"****","state":"active","locked":false,"avatar_url":"https://secure.gravatar.com/avatar/1b6289f6c729f1ba694aa2bc296a7277?s=80\u0026d=identicon","web_url":"https://gitlab.com/project_42823949_bot_992e5e9e997a7b44822ff32a4c634472"},"created_at":"2023-12-11T06:25:27.242Z","updated_at":"2023-12-11T06:25:27.242Z","system":false,"noteable_id":139467149,"noteable_type":"Issue","project_id":42823949,"resolvable":false,"confidential":false,"internal":false,"noteable_iid":6104,"commands_changes":{}}'
    headers:
      CF-Cache-Status:
      - DYNAMIC
      CF-RAY:
      - 833ba67d3a5c857d-BOM
      Connection:
      - keep-alive
      Content-Length:
      - '1246'
      Content-Type:
      - application/json
      Date:
      - Mon, 11 Dec 2023 06:25:28 GMT
      NEL:
      - '{"success_fraction":0.01,"report_to":"cf-nel","max_age":604800}'
      Report-To:
      - '{"endpoints":[{"url":"https:\/\/a.nel.cloudflare.com\/report\/v3?s=HwGTqyrEo374EGwUGL1wmu9VLu2oJr58aBnryIXwUCPx%2B8%2FzDSPszL%2B90cMLgDEY16htaaUeFN0eyZVOOObSDuRDgiBPWFn94Qbf1GP5%2BBUcMQRgPa86suD8FqI%3D"}],"group":"cf-nel","max_age":604800}'
      Server:
      - cloudflare
      Set-Cookie: ''
      cache-control:
      - max-age=0, private, must-revalidate
      content-security-policy:
      - default-src 'none'
      etag:
      - W/"198199000acc16670ca99bcce734cc20"
      gitlab-lb:
      - haproxy-main-04-lb-gprd
      gitlab-sv:
      - localhost
      ratelimit-limit:
      - '2000'
      ratelimit-observed:
      - '41'
      ratelimit-remaining:
      - '1958'
      ratelimit-reset:
      - '1702275988'
      ratelimit-resettime:
      - Mon, 11 Dec 2023 06:26:28 GMT
      referrer-policy:
      - strict-origin-when-cross-origin
      strict-transport-security:
      - max-age=31536000
      vary:
      - Origin
      x-content-type-options:
      - nosniff
      x-frame-options:
      - SAMEORIGIN
      x-gitlab-meta:
      - '{"correlation_id":"c62df1a7f533c5630ab268fdbb49b86e","version":"1"}'
      x-request-id:
      - c62df1a7f533c5630ab268fdbb49b86e
      x-runtime:
      - '1.360260'
    status:
      code: 201
      message: Created
version: 1
